Archive member included to satisfy reference by file (symbol)

../../../../Libraries/PeriphDrivers/bin/MAX78000/softfp/libPeriphDriver_softfp.a(mxc_delay.o)
                              c:/MaximSDK/Examples/MAX78000/CNN/yolo_evkit_revise_2/build/tft.o (MXC_Delay)
../../../../Libraries/PeriphDrivers/bin/MAX78000/softfp/libPeriphDriver_softfp.a(pins_ai85.o)
                              c:/MaximSDK/Examples/MAX78000/CNN/yolo_evkit_revise_2/build/camera.o (gpio_cfg_pcif_xclk)
../../../../Libraries/PeriphDrivers/bin/MAX78000/softfp/libPeriphDriver_softfp.a(sys_ai85.o)
                              c:/MaximSDK/Examples/MAX78000/CNN/yolo_evkit_revise_2/build/state_faceID.o (MXC_SYS_ClockDisable)
../../../../Libraries/PeriphDrivers/bin/MAX78000/softfp/libPeriphDriver_softfp.a(nvic_table.o)
                              c:/MaximSDK/Examples/MAX78000/CNN/yolo_evkit_revise_2/build/cnn.o (NVIC_SetVector)
../../../../Libraries/PeriphDrivers/bin/MAX78000/softfp/libPeriphDriver_softfp.a(aes_me17.o)
                              ../../../../Libraries/PeriphDrivers/bin/MAX78000/softfp/libPeriphDriver_softfp.a(sys_ai85.o) (MXC_AES_Init)
../../../../Libraries/PeriphDrivers/bin/MAX78000/softfp/libPeriphDriver_softfp.a(aes_revb.o)
                              ../../../../Libraries/PeriphDrivers/bin/MAX78000/softfp/libPeriphDriver_softfp.a(aes_me17.o) (MXC_AES_RevB_Init)
../../../../Libraries/PeriphDrivers/bin/MAX78000/softfp/libPeriphDriver_softfp.a(cameraif_ai85.o)
                              c:/MaximSDK/Examples/MAX78000/CNN/yolo_evkit_revise_2/build/camera.o (MXC_PCIF_Init)
../../../../Libraries/PeriphDrivers/bin/MAX78000/softfp/libPeriphDriver_softfp.a(cameraif_reva.o)
                              ../../../../Libraries/PeriphDrivers/bin/MAX78000/softfp/libPeriphDriver_softfp.a(cameraif_ai85.o) (MXC_PCIF_RevA_SetDatawidth)
../../../../Libraries/PeriphDrivers/bin/MAX78000/softfp/libPeriphDriver_softfp.a(dma_me17.o)
                              c:/MaximSDK/Examples/MAX78000/CNN/yolo_evkit_revise_2/build/main.o (MXC_DMA_Init)
../../../../Libraries/PeriphDrivers/bin/MAX78000/softfp/libPeriphDriver_softfp.a(dma_reva.o)
                              ../../../../Libraries/PeriphDrivers/bin/MAX78000/softfp/libPeriphDriver_softfp.a(dma_me17.o) (MXC_DMA_RevA_Init)
../../../../Libraries/PeriphDrivers/bin/MAX78000/softfp/libPeriphDriver_softfp.a(flc_me17.o)
                              ../../../../Libraries/PeriphDrivers/bin/MAX78000/softfp/libPeriphDriver_softfp.a(sys_ai85.o) (MXC_FLC_UnlockInfoBlock)
../../../../Libraries/PeriphDrivers/bin/MAX78000/softfp/libPeriphDriver_softfp.a(flc_revb.o)
                              ../../../../Libraries/PeriphDrivers/bin/MAX78000/softfp/libPeriphDriver_softfp.a(flc_me17.o) (MXC_FLC_RevB_Busy)
../../../../Libraries/PeriphDrivers/bin/MAX78000/softfp/libPeriphDriver_softfp.a(gpio_ai85.o)
                              c:/MaximSDK/Examples/MAX78000/CNN/yolo_evkit_revise_2/build/cnn.o (MXC_GPIO_Config)
../../../../Libraries/PeriphDrivers/bin/MAX78000/softfp/libPeriphDriver_softfp.a(gpio_reva.o)
                              ../../../../Libraries/PeriphDrivers/bin/MAX78000/softfp/libPeriphDriver_softfp.a(gpio_ai85.o) (MXC_GPIO_RevA_InGet)
../../../../Libraries/PeriphDrivers/bin/MAX78000/softfp/libPeriphDriver_softfp.a(icc_me17.o)
                              c:/MaximSDK/Examples/MAX78000/CNN/yolo_evkit_revise_2/build/main.o (MXC_ICC_Enable)
../../../../Libraries/PeriphDrivers/bin/MAX78000/softfp/libPeriphDriver_softfp.a(icc_reva.o)
                              ../../../../Libraries/PeriphDrivers/bin/MAX78000/softfp/libPeriphDriver_softfp.a(icc_me17.o) (MXC_ICC_RevA_ID)
../../../../Libraries/PeriphDrivers/bin/MAX78000/softfp/libPeriphDriver_softfp.a(pt_me17.o)
                              c:/MaximSDK/Examples/MAX78000/CNN/yolo_evkit_revise_2/build/camera.o (MXC_PT_Init)
../../../../Libraries/PeriphDrivers/bin/MAX78000/softfp/libPeriphDriver_softfp.a(pt_reva.o)
                              ../../../../Libraries/PeriphDrivers/bin/MAX78000/softfp/libPeriphDriver_softfp.a(pt_me17.o) (MXC_PT_RevA_Init)
../../../../Libraries/PeriphDrivers/bin/MAX78000/softfp/libPeriphDriver_softfp.a(rtc_me17.o)
                              c:/MaximSDK/Examples/MAX78000/CNN/yolo_evkit_revise_2/build/main.o (MXC_RTC_Start)
../../../../Libraries/PeriphDrivers/bin/MAX78000/softfp/libPeriphDriver_softfp.a(rtc_reva.o)
                              ../../../../Libraries/PeriphDrivers/bin/MAX78000/softfp/libPeriphDriver_softfp.a(rtc_me17.o) (MXC_RTC_RevA_EnableInt)
../../../../Libraries/PeriphDrivers/bin/MAX78000/softfp/libPeriphDriver_softfp.a(spi_me17.o)
                              c:/MaximSDK/Examples/MAX78000/CNN/yolo_evkit_revise_2/build/tft.o (MXC_SPI_Init)
../../../../Libraries/PeriphDrivers/bin/MAX78000/softfp/libPeriphDriver_softfp.a(spi_reva.o)
[...]
Memory Configuration

Name             Origin             Length             Attributes
ROM              0x00000000         0x00010000         xr
FLASH            0x10000000         0x00080000         xr
SRAM             0x20000000         0x00020000         xrw
*default*        0x00000000         0xffffffff

Linker script and memory map

LOAD c:/maximsdk/tools/gnutools/bin/../lib/gcc/arm-none-eabi/9.2.1/thumb/v7e-m+fp/softfp/crti.o
LOAD c:/maximsdk/tools/gnutools/bin/../lib/gcc/arm-none-eabi/9.2.1/thumb/v7e-m+fp/softfp/crtbegin.o
LOAD c:/maximsdk/tools/gnutools/bin/../lib/gcc/arm-none-eabi/9.2.1/../../../../arm-none-eabi/lib/thumb/v7e-m+fp/softfp/crt0.o
LOAD c:/MaximSDK/Examples/MAX78000/CNN/yolo_evkit_revise_2/build/main.o
LOAD c:/MaximSDK/Examples/MAX78000/CNN/yolo_evkit_revise_2/build/all_imgs.o
LOAD c:/MaximSDK/Examples/MAX78000/CNN/yolo_evkit_revise_2/build/utils.o
LOAD c:/MaximSDK/Examples/MAX78000/CNN/yolo_evkit_revise_2/build/state.o
LOAD c:/MaximSDK/Examples/MAX78000/CNN/yolo_evkit_revise_2/build/state_home.o
LOAD c:/MaximSDK/Examples/MAX78000/CNN/yolo_evkit_revise_2/build/state_faceID.o
LOAD c:/MaximSDK/Examples/MAX78000/CNN/yolo_evkit_revise_2/build/cnn.o
LOAD c:/MaximSDK/Examples/MAX78000/CNN/yolo_evkit_revise_2/build/embedding_process.o
LOAD c:/MaximSDK/Examples/MAX78000/CNN/yolo_evkit_revise_2/build/sigmoid.o
LOAD c:/MaximSDK/Examples/MAX78000/CNN/yolo_evkit_revise_2/build/board.o
LOAD c:/MaximSDK/Examples/MAX78000/CNN/yolo_evkit_revise_2/build/stdio.o
LOAD c:/MaximSDK/Examples/MAX78000/CNN/yolo_evkit_revise_2/build/led.o
LOAD c:/MaximSDK/Examples/MAX78000/CNN/yolo_evkit_revise_2/build/pb.o
LOAD c:/MaximSDK/Examples/MAX78000/CNN/yolo_evkit_revise_2/build/tft.o
LOAD c:/MaximSDK/Examples/MAX78000/CNN/yolo_evkit_revise_2/build/touchscreen.o
LOAD c:/MaximSDK/Examples/MAX78000/CNN/yolo_evkit_revise_2/build/camera.o
LOAD c:/MaximSDK/Examples/MAX78000/CNN/yolo_evkit_revise_2/build/ov7692.o
LOAD c:/MaximSDK/Examples/MAX78000/CNN/yolo_evkit_revise_2/build/sccb.o
LOAD c:/MaximSDK/Examples/MAX78000/CNN/yolo_evkit_revise_2/build/startup_max78000.o
LOAD c:/MaximSDK/Examples/MAX78000/CNN/yolo_evkit_revise_2/build/heap.o
LOAD c:/MaximSDK/Examples/MAX78000/CNN/yolo_evkit_revise_2/build/system_max78000.o
START GROUP
LOAD ../../../../Libraries/PeriphDrivers/bin/MAX78000/softfp/libPeriphDriver_softfp.a
LOAD c:/maximsdk/tools/gnutools/bin/../lib/gcc/arm-none-eabi/9.2.1/../../../../arm-none-eabi/lib/thumb/v7e-m+fp/softfp\libc.a
LOAD c:/maximsdk/tools/gnutools/bin/../lib/gcc/arm-none-eabi/9.2.1/../../../../arm-none-eabi/lib/thumb/v7e-m+fp/softfp\libm.a
LOAD c:/maximsdk/tools/gnutools/bin/../lib/gcc/arm-none-eabi/9.2.1/../../../../arm-none-eabi/lib/thumb/v7e-m+fp/softfp\libnosys.a
END GROUP
START GROUP
LOAD c:/maximsdk/tools/gnutools/bin/../lib/gcc/arm-none-eabi/9.2.1/thumb/v7e-m+fp/softfp\libgcc.a
LOAD c:/maximsdk/tools/gnutools/bin/../lib/gcc/arm-none-eabi/9.2.1/../../../../arm-none-eabi/lib/thumb/v7e-m+fp/softfp\libc.a
END GROUP
LOAD c:/maximsdk/tools/gnutools/bin/../lib/gcc/arm-none-eabi/9.2.1/thumb/v7e-m+fp/softfp/crtend.o
LOAD c:/maximsdk/tools/gnutools/bin/../lib/gcc/arm-none-eabi/9.2.1/thumb/v7e-m+fp/softfp/crtn.o

.rom
 *(.rom_vector)
 *(.rom_handlers*)

.text           0x10000000    0x6460c
                0x10000000                _text = .
 *(.isr_vector)
 .isr_vector    0x10000000      0x1e0 c:/MaximSDK/Examples/MAX78000/CNN/yolo_evkit_revise_2/build/startup_max78000.o
                0x10000000                __isr_vector
 *(.text*)
 .text          0x100001e0       0x40 c:/maximsdk/tools/gnutools/bin/../lib/gcc/arm-none-eabi/9.2.1/thumb/v7e-m+fp/softfp/crtbegin.o
 .text.startup.main
                0x10000220      0x188 c:/MaximSDK/Examples/MAX78000/CNN/yolo_evkit_revise_2/build/main.o
                0x10000220                main
 .text.utils_get_time_ms
                0x100003a8       0x3c c:/MaximSDK/Examples/MAX78000/CNN/yolo_evkit_revise_2/build/utils.o
                0x100003a8                utils_get_time_ms
 .text.argmax_softmax
                0x100003e4       0x3c c:/MaximSDK/Examples/MAX78000/CNN/yolo_evkit_revise_2/build/utils.o
                0x100003e4                argmax_softmax
 .text.NMS_max1
                0x10000420      0x210 c:/MaximSDK/Examples/MAX78000/CNN/yolo_evkit_revise_2/build/utils.o
                0x10000420                NMS_max1
 .text.cus_cnn_unload
                0x10000630      0x14c c:/MaximSDK/Examples/MAX78000/CNN/yolo_evkit_revise_2/build/utils.o
                0x10000630                cus_cnn_unload
 .text.state_init
                0x1000077c       0x18 c:/MaximSDK/Examples/MAX78000/CNN/yolo_evkit_revise_2/build/state.o
                0x1000077c                state_init
 .text.state_set_current
                0x10000794       0x14 c:/MaximSDK/Examples/MAX78000/CNN/yolo_evkit_revise_2/build/state.o
                0x10000794                state_set_current
 .text.state_get_current
                0x100007a8        0xc c:/MaximSDK/Examples/MAX78000/CNN/yolo_evkit_revise_2/build/state.o
                0x100007a8                state_get_current
 .text.init     0x100007b4       0xa8 c:/MaximSDK/Examples/MAX78000/CNN/yolo_evkit_revise_2/build/state_home.o
 .text.key_process
                0x1000085c       0x18 c:/MaximSDK/Examples/MAX78000/CNN/yolo_evkit_revise_2/build/state_home.o
 .text.get_home_state
                0x10000874        0x8 c:/MaximSDK/Examples/MAX78000/CNN/yolo_evkit_revise_2/build/state_home.o
                0x10000874                get_home_state
 .text.key_process
                0x1000087c       0x18 c:/MaximSDK/Examples/MAX78000/CNN/yolo_evkit_revise_2/build/state_faceID.o
 .text.run_cnn.constprop.0
                0x10000894      0x1dc c:/MaximSDK/Examples/MAX78000/CNN/yolo_evkit_revise_2/build/state_faceID.o
 .text.init     0x10000a70      0x1a0 c:/MaximSDK/Examples/MAX78000/CNN/yolo_evkit_revise_2/build/state_faceID.o
 .text.get_faceID_state
                0x10000c10        0x8 c:/MaximSDK/Examples/MAX78000/CNN/yolo_evkit_revise_2/build/state_faceID.o
                0x10000c10                get_faceID_state
 .text.CNN_ISR  0x10000c18       0x54 c:/MaximSDK/Examples/MAX78000/CNN/yolo_evkit_revise_2/build/cnn.o
                0x10000c18                CNN_ISR
 .text.cnn_stop
                0x10000c6c       0x14 c:/MaximSDK/Examples/MAX78000/CNN/yolo_evkit_revise_2/build/cnn.o
                0x10000c6c                cnn_stop
 .text.cnn_load_weights
                0x10000c80      0xba8 c:/MaximSDK/Examples/MAX78000/CNN/yolo_evkit_revise_2/build/cnn.o
                0x10000c80                cnn_load_weights
 .text.cnn_init
                0x10001828       0x74 c:/MaximSDK/Examples/MAX78000/CNN/yolo_evkit_revise_2/build/cnn.o
                0x10001828                cnn_init
 .text.cnn_configure
                0x1000189c     0x272c c:/MaximSDK/Examples/MAX78000/CNN/yolo_evkit_revise_2/build/cnn.o
                0x1000189c                cnn_configure
 .text.cnn_start
                0x10003fc8       0x50 c:/MaximSDK/Examples/MAX78000/CNN/yolo_evkit_revise_2/build/cnn.o
                0x10003fc8                cnn_start
 .text.cnn_enable
                0x10004018       0x3c c:/MaximSDK/Examples/MAX78000/CNN/yolo_evkit_revise_2/build/cnn.o
                0x10004018                cnn_enable
 .text.init_database
                0x10004054       0x94 c:/MaximSDK/Examples/MAX78000/CNN/yolo_evkit_revise_2/build/embedding_process.o
                0x10004054                init_database
 .text.q_mul    0x100040e8       0x34 c:/MaximSDK/Examples/MAX78000/CNN/yolo_evkit_revise_2/build/sigmoid.o
                0x100040e8                q_mul
 .text.sigmoid  0x1000411c       0x9c c:/MaximSDK/Examples/MAX78000/CNN/yolo_evkit_revise_2/build/sigmoid.o
                0x1000411c                sigmoid
 .text.mxc_assert
                0x100041b8       0x10 c:/MaximSDK/Examples/MAX78000/CNN/yolo_evkit_revise_2/build/board.o
                0x100041b8                mxc_assert
 .text.Board_Init
                0x100041c8       0x70 c:/MaximSDK/Examples/MAX78000/CNN/yolo_evkit_revise_2/build/board.o
                0x100041c8                Board_Init
 .text.NMI_Handler
                0x10004238        0x4 c:/MaximSDK/Examples/MAX78000/CNN/yolo_evkit_revise_2/build/board.o
                0x10004238                NMI_Handler
 .text.Camera_Power
                0x1000423c        0x8 c:/MaximSDK/Examples/MAX78000/CNN/yolo_evkit_revise_2/build/board.o
                0x1000423c                Camera_Power
 .text._close   0x10004244        0x8 c:/MaximSDK/Examples/MAX78000/CNN/yolo_evkit_revise_2/build/stdio.o
                0x10004244                _close
 .text._isatty  0x1000424c        0x8 c:/MaximSDK/Examples/MAX78000/CNN/yolo_evkit_revise_2/build/stdio.o
                0x1000424c                _isatty
 .text._lseek   0x10004254        0x8 c:/MaximSDK/Examples/MAX78000/CNN/yolo_evkit_revise_2/build/stdio.o
                0x10004254                _lseek
 .text._fstat   0x1000425c        0x8 c:/MaximSDK/Examples/MAX78000/CNN/yolo_evkit_revise_2/build/stdio.o
                0x1000425c                _fstat
 .text._read    0x10004264       0x50 c:/MaximSDK/Examples/MAX78000/CNN/yolo_evkit_revise_2/build/stdio.o
                0x10004264                _read
 .text._write   0x100042b4       0x4c c:/MaximSDK/Examples/MAX78000/CNN/yolo_evkit_revise_2/build/stdio.o
                0x100042b4                _write
 .text.LED_On   0x10004300       0x40 c:/MaximSDK/Examples/MAX78000/CNN/yolo_evkit_revise_2/build/led.o
                0x10004300                LED_On
 .text.LED_Off  0x10004340       0x40 c:/MaximSDK/Examples/MAX78000/CNN/yolo_evkit_revise_2/build/led.o
                0x10004340                LED_Off
 .text.LED_Init
                0x10004380       0x40 c:/MaximSDK/Examples/MAX78000/CNN/yolo_evkit_revise_2/build/led.o
                0x10004380                LED_Init
 .text.PB_Init  0x100043c0       0x34 c:/MaximSDK/Examples/MAX78000/CNN/yolo_evkit_revise_2/build/pb.o
                0x100043c0                PB_Init
 .text.GPIO0_IRQHandler
                0x100043f4        0x8 c:/MaximSDK/Examples/MAX78000/CNN/yolo_evkit_revise_2/build/pb.o
                0x100043f4                GPIO0_IRQHandler
 .text.GPIO1_IRQHandler
                0x100043fc        0x8 c:/MaximSDK/Examples/MAX78000/CNN/yolo_evkit_revise_2/build/pb.o
                0x100043fc                GPIO1_IRQHandler
 .text.GPIO2_IRQHandler
                0x10004404        0x8 c:/MaximSDK/Examples/MAX78000/CNN/yolo_evkit_revise_2/build/pb.o
                0x10004404                GPIO2_IRQHandler
 .text.get_font_info
                0x1000440c       0x40 c:/MaximSDK/Examples/MAX78000/CNN/yolo_evkit_revise_2/build/tft.o
 .text.setPalette
                0x1000444c       0xcc c:/MaximSDK/Examples/MAX78000/CNN/yolo_evkit_revise_2/build/tft.o
 .text.spi_transmit
                0x10004518       0xc4 c:/MaximSDK/Examples/MAX78000/CNN/yolo_evkit_revise_2/build/tft.o
 .text.write_data
                0x100045dc       0x34 c:/MaximSDK/Examples/MAX78000/CNN/yolo_evkit_revise_2/build/tft.o
 .text.displaySub
                0x10004610       0xac c:/MaximSDK/Examples/MAX78000/CNN/yolo_evkit_revise_2/build/tft.o
 .text.displaySub_Rotated
                0x100046bc       0xbc c:/MaximSDK/Examples/MAX78000/CNN/yolo_evkit_revise_2/build/tft.o
 .text.displaySub_Special
                0x10004778       0xb8 c:/MaximSDK/Examples/MAX78000/CNN/yolo_evkit_revise_2/build/tft.o
 .text.write_color
                0x10004830       0x28 c:/MaximSDK/Examples/MAX78000/CNN/yolo_evkit_revise_2/build/tft.o
 .text.print_line
                0x10004858       0x74 c:/MaximSDK/Examples/MAX78000/CNN/yolo_evkit_revise_2/build/tft.o
 .text.RLE_decode
                0x100048cc      0x1a4 c:/MaximSDK/Examples/MAX78000/CNN/yolo_evkit_revise_2/build/tft.o
 .text.print_line_rgb565
                0x10004a70       0xc0 c:/MaximSDK/Examples/MAX78000/CNN/yolo_evkit_revise_2/build/tft.o
 .text.writeSubBitmap
                0x10004b30       0xf8 c:/MaximSDK/Examples/MAX78000/CNN/yolo_evkit_revise_2/build/tft.o
 .text.get_bitmap_info
                0x10004c28       0x50 c:/MaximSDK/Examples/MAX78000/CNN/yolo_evkit_revise_2/build/tft.o
 .text.MXC_TFT_PrintFont.part.0
                0x10004c78      0x1e0 c:/MaximSDK/Examples/MAX78000/CNN/yolo_evkit_revise_2/build/tft.o
 .text.MXC_TFT_SetRotation
                0x10004e58       0x30 c:/MaximSDK/Examples/MAX78000/CNN/yolo_evkit_revise_2/build/tft.o
                0x10004e58                MXC_TFT_SetRotation
 .text.MXC_TFT_SetBackGroundColor
                0x10004e88       0xd0 c:/MaximSDK/Examples/MAX78000/CNN/yolo_evkit_revise_2/build/tft.o
                0x10004e88                MXC_TFT_SetBackGroundColor
 .text.MXC_TFT_SetPalette
                0x10004f58       0x30 c:/MaximSDK/Examples/MAX78000/CNN/yolo_evkit_revise_2/build/tft.o
                0x10004f58                MXC_TFT_SetPalette
 .text.MXC_TFT_Backlight
                0x10004f88       0x1c c:/MaximSDK/Examples/MAX78000/CNN/yolo_evkit_revise_2/build/tft.o
                0x10004f88                MXC_TFT_Backlight
 .text.MXC_TFT_Init
                0x10004fa4      0x40c c:/MaximSDK/Examples/MAX78000/CNN/yolo_evkit_revise_2/build/tft.o
                0x10004fa4                MXC_TFT_Init
 .text.MXC_TFT_ShowImage
                0x100053b0       0xcc c:/MaximSDK/Examples/MAX78000/CNN/yolo_evkit_revise_2/build/tft.o
                0x100053b0                MXC_TFT_ShowImage
 .text.MXC_TFT_ShowImageCameraRGB565
                0x1000547c       0xdc c:/MaximSDK/Examples/MAX78000/CNN/yolo_evkit_revise_2/build/tft.o
                0x1000547c                MXC_TFT_ShowImageCameraRGB565
 .text.MXC_TFT_PrintFont
                0x10005558       0x1c c:/MaximSDK/Examples/MAX78000/CNN/yolo_evkit_revise_2/build/tft.o
                0x10005558                MXC_TFT_PrintFont
 .text.MXC_TFT_ClearArea
                0x10005574       0xdc c:/MaximSDK/Examples/MAX78000/CNN/yolo_evkit_revise_2/build/tft.o
                0x10005574                MXC_TFT_ClearArea
 .text.MXC_TFT_WriteReg
                0x10005650       0x20 c:/MaximSDK/Examples/MAX78000/CNN/yolo_evkit_revise_2/build/tft.o
                0x10005650                MXC_TFT_WriteReg
 .text.spi_transmit_tsc2046
                0x10005670       0x80 c:/MaximSDK/Examples/MAX78000/CNN/yolo_evkit_revise_2/build/touchscreen.o
 .text.MXC_TS_Start
                0x100056f0       0x20 c:/MaximSDK/Examples/MAX78000/CNN/yolo_evkit_revise_2/build/touchscreen.o
                0x100056f0                MXC_TS_Start
 .text.MXC_TS_Stop
                0x10005710       0x20 c:/MaximSDK/Examples/MAX78000/CNN/yolo_evkit_revise_2/build/touchscreen.o
                0x10005710                MXC_TS_Stop
 .text.tsHandler
                0x10005730       0xd8 c:/MaximSDK/Examples/MAX78000/CNN/yolo_evkit_revise_2/build/touchscreen.o
 .text.MXC_TS_Init
                0x10005808      0x124 c:/MaximSDK/Examples/MAX78000/CNN/yolo_evkit_revise_2/build/touchscreen.o
                0x10005808                MXC_TS_Init
 .text.MXC_TS_AddButton
                0x1000592c       0x3c c:/MaximSDK/Examples/MAX78000/CNN/yolo_evkit_revise_2/build/touchscreen.o
                0x1000592c                MXC_TS_AddButton
 .text.MXC_TS_RemoveAllButton
                0x10005968       0x18 c:/MaximSDK/Examples/MAX78000/CNN/yolo_evkit_revise_2/build/touchscreen.o
                0x10005968                MXC_TS_RemoveAllButton
 .text.MXC_TS_GetKey
                0x10005980       0x10 c:/MaximSDK/Examples/MAX78000/CNN/yolo_evkit_revise_2/build/touchscreen.o
                0x10005980                MXC_TS_GetKey
 .text.camera_irq_handler
                0x10005990      0x13c c:/MaximSDK/Examples/MAX78000/CNN/yolo_evkit_revise_2/build/camera.o
                0x10005990                camera_irq_handler
 .text.stream_callback
                0x10005acc       0xbc c:/MaximSDK/Examples/MAX78000/CNN/yolo_evkit_revise_2/build/camera.o
 .text.setup_dma
                0x10005b88       0x84 c:/MaximSDK/Examples/MAX78000/CNN/yolo_evkit_revise_2/build/camera.o
 .text.stream_irq_handler
                0x10005c0c        0x4 c:/MaximSDK/Examples/MAX78000/CNN/yolo_evkit_revise_2/build/camera.o
                0x10005c0c                stream_irq_handler
 .text.camera_init
                0x10005c10      0x148 c:/MaximSDK/Examples/MAX78000/CNN/yolo_evkit_revise_2/build/camera.o
                0x10005c10                camera_init
 .text.camera_setup
                0x10005d58      0x1b8 c:/MaximSDK/Examples/MAX78000/CNN/yolo_evkit_revise_2/build/camera.o
                0x10005d58                camera_setup
 .text.camera_write_reg
                0x10005f10        0xc c:/MaximSDK/Examples/MAX78000/CNN/yolo_evkit_revise_2/build/camera.o
                0x10005f10                camera_write_reg
 .text.camera_get_slave_address
                0x10005f1c        0xc c:/MaximSDK/Examples/MAX78000/CNN/yolo_evkit_revise_2/build/camera.o
                0x10005f1c                camera_get_slave_address
 .text.camera_get_product_id
                0x10005f28        0xc c:/MaximSDK/Examples/MAX78000/CNN/yolo_evkit_revise_2/build/camera.o
                0x10005f28                camera_get_product_id
 .text.camera_get_manufacture_id
                0x10005f34        0xc c:/MaximSDK/Examples/MAX78000/CNN/yolo_evkit_revise_2/build/camera.o
                0x10005f34                camera_get_manufacture_id
 .text.camera_start_capture_image
                0x10005f40       0x3c c:/MaximSDK/Examples/MAX78000/CNN/yolo_evkit_revise_2/build/camera.o
                0x10005f40                camera_start_capture_image
 .text.camera_is_image_rcv
                0x10005f7c       0x10 c:/MaximSDK/Examples/MAX78000/CNN/yolo_evkit_revise_2/build/camera.o
                0x10005f7c                camera_is_image_rcv
 .text.camera_get_image
                0x10005f8c       0xac c:/MaximSDK/Examples/MAX78000/CNN/yolo_evkit_revise_2/build/camera.o
                0x10005f8c                camera_get_image
 .text.get_slave_address
                0x10006038        0xc c:/MaximSDK/Examples/MAX78000/CNN/yolo_evkit_revise_2/build/ov7692.o
 .text.get_pixformat
                0x10006044       0x10 c:/MaximSDK/Examples/MAX78000/CNN/yolo_evkit_revise_2/build/ov7692.o
 .text.set_contrast
                0x10006054        0x4 c:/MaximSDK/Examples/MAX78000/CNN/yolo_evkit_revise_2/build/ov7692.o
 .text.set_gainceiling
                0x10006058        0x4 c:/MaximSDK/Examples/MAX78000/CNN/yolo_evkit_revise_2/build/ov7692.o
 .text.get_luminance
                0x1000605c       0x60 c:/MaximSDK/Examples/MAX78000/CNN/yolo_evkit_revise_2/build/ov7692.o
 .text.read_reg
                0x100060bc       0x20 c:/MaximSDK/Examples/MAX78000/CNN/yolo_evkit_revise_2/build/ov7692.o
 .text.get_manufacture_id
                0x100060dc       0x3c c:/MaximSDK/Examples/MAX78000/CNN/yolo_evkit_revise_2/build/ov7692.o
 .text.get_product_id
                0x10006118       0x3c c:/MaximSDK/Examples/MAX78000/CNN/yolo_evkit_revise_2/build/ov7692.o
 .text.set_vflip
                0x10006154       0x3c c:/MaximSDK/Examples/MAX78000/CNN/yolo_evkit_revise_2/build/ov7692.o
 .text.set_hmirror
                0x10006190       0x3c c:/MaximSDK/Examples/MAX78000/CNN/yolo_evkit_revise_2/build/ov7692.o
 .text.set_windowing
                0x100061cc      0x150 c:/MaximSDK/Examples/MAX78000/CNN/yolo_evkit_revise_2/build/ov7692.o
 .text.set_framesize
                0x1000631c       0xc0 c:/MaximSDK/Examples/MAX78000/CNN/yolo_evkit_revise_2/build/ov7692.o
 .text.write_reg
                0x100063dc       0x10 c:/MaximSDK/Examples/MAX78000/CNN/yolo_evkit_revise_2/build/ov7692.o
 .text.sleep    0x100063ec       0x3c c:/MaximSDK/Examples/MAX78000/CNN/yolo_evkit_revise_2/build/ov7692.o
 .text.reset    0x10006428       0x64 c:/MaximSDK/Examples/MAX78000/CNN/yolo_evkit_revise_2/build/ov7692.o
 .text.dump_registers
                0x1000648c       0xa4 c:/MaximSDK/Examples/MAX78000/CNN/yolo_evkit_revise_2/build/ov7692.o
 .text.init     0x10006530       0x1c c:/MaximSDK/Examples/MAX78000/CNN/yolo_evkit_revise_2/build/ov7692.o
 .text.set_negateimage
                0x1000654c       0x98 c:/MaximSDK/Examples/MAX78000/CNN/yolo_evkit_revise_2/build/ov7692.o
 .text.set_pixformat
                0x100065e4       0x54 c:/MaximSDK/Examples/MAX78000/CNN/yolo_evkit_revise_2/build/ov7692.o
 .text.set_saturation
                0x10006638        0x4 c:/MaximSDK/Examples/MAX78000/CNN/yolo_evkit_revise_2/build/ov7692.o
 .text.set_colorbar
                0x1000663c        0x4 c:/MaximSDK/Examples/MAX78000/CNN/yolo_evkit_revise_2/build/ov7692.o
 .text.set_brightness
                0x10006640        0x4 c:/MaximSDK/Examples/MAX78000/CNN/yolo_evkit_revise_2/build/ov7692.o
 .text.sensor_register
                0x10006644       0xb8 c:/MaximSDK/Examples/MAX78000/CNN/yolo_evkit_revise_2/build/ov7692.o
                0x10006644                sensor_register
 .text.start    0x100066fc       0x34 c:/MaximSDK/Examples/MAX78000/CNN/yolo_evkit_revise_2/build/sccb.o
 .text.send_byte
                0x10006730       0x68 c:/MaximSDK/Examples/MAX78000/CNN/yolo_evkit_revise_2/build/sccb.o
 .text.stop     0x10006798       0x2c c:/MaximSDK/Examples/MAX78000/CNN/yolo_evkit_revise_2/build/sccb.o
 .text.get_byte
                0x100067c4       0x54 c:/MaximSDK/Examples/MAX78000/CNN/yolo_evkit_revise_2/build/sccb.o
 .text.send_NACK
                0x10006818       0x34 c:/MaximSDK/Examples/MAX78000/CNN/yolo_evkit_revise_2/build/sccb.o
 .text.sccb_init
                0x1000684c       0x2c c:/MaximSDK/Examples/MAX78000/CNN/yolo_evkit_revise_2/build/sccb.o
                0x1000684c                sccb_init
 .text.sccb_scan
                0x10006878       0x30 c:/MaximSDK/Examples/MAX78000/CNN/yolo_evkit_revise_2/build/sccb.o
                0x10006878                sccb_scan
 .text.sccb_read_byt
                0x100068a8       0x58 c:/MaximSDK/Examples/MAX78000/CNN/yolo_evkit_revise_2/build/sccb.o
                0x100068a8                sccb_read_byt
 .text.sccb_write_byt
                0x10006900       0x5c c:/MaximSDK/Examples/MAX78000/CNN/yolo_evkit_revise_2/build/sccb.o
                0x10006900                sccb_write_byt
 .text          0x1000695c      0x148 c:/MaximSDK/Examples/MAX78000/CNN/yolo_evkit_revise_2/build/startup_max78000.o
                0x1000695c                Reset_Handler
                0x1000699a                HardFault_Handler
                0x1000699c                MemManage_Handler
                0x1000699e                BusFault_Handler
                0x100069a0                UsageFault_Handler
                0x100069a2                SVC_Handler
                0x100069a4                DebugMon_Handler
                0x100069a6                PendSV_Handler
                0x100069a8                SysTick_Handler
                0x100069aa                Default_Handler
                0x100069ac                PF_IRQHandler
                0x100069ae                WDT0_IRQHandler
                0x100069b0                RSV02_IRQHandler
                0x100069b2                RTC_IRQHandler
                0x100069b4                TRNG_IRQHandler
                0x100069b6                TMR0_IRQHandler
                0x100069b8                TMR1_IRQHandler
                0x100069ba                TMR2_IRQHandler
                0x100069bc                TMR3_IRQHandler
                0x100069be                TMR4_IRQHandler
                0x100069c0                TMR5_IRQHandler
                0x100069c2                RSV11_IRQHandler
                0x100069c4                RSV12_IRQHandler
                0x100069c6                I2C0_IRQHandler
                0x100069c8                UART0_IRQHandler
                0x100069ca                UART1_IRQHandler
                0x100069cc                SPI1_IRQHandler
                0x100069ce                RSV17_IRQHandler
                0x100069d0                RSV18_IRQHandler
                0x100069d2                RSV19_IRQHandler
                0x100069d4                ADC_IRQHandler
                0x100069d6                RSV21_IRQHandler
                0x100069d8                RSV22_IRQHandler
                0x100069da                FLC0_IRQHandler
                0x100069e2                RSV27_IRQHandler
                0x100069e4                DMA0_IRQHandler
                0x100069e6                DMA1_IRQHandler
                0x100069e8                DMA2_IRQHandler
                0x100069ea                DMA3_IRQHandler
                0x100069ec                RSV32_IRQHandler
                0x100069ee                RSV33_IRQHandler
                0x100069f0                UART2_IRQHandler
                0x100069f2                RSV35_IRQHandler
                0x100069f4                I2C1_IRQHandler
                0x100069f6                RSV37_IRQHandler
                0x100069f8                RSV38_IRQHandler
                0x100069fa                RSV39_IRQHandler
                0x100069fc                RSV40_IRQHandler
                0x100069fe                RSV41_IRQHandler
                0x10006a00                RSV42_IRQHandler
                0x10006a02                RSV43_IRQHandler
                0x10006a04                RSV44_IRQHandler
                0x10006a06                RSV45_IRQHandler
                0x10006a08                RSV46_IRQHandler
                0x10006a0a                RSV47_IRQHandler
                0x10006a0c                RSV48_IRQHandler
                0x10006a0e                RSV49_IRQHandler
                0x10006a10                RSV50_IRQHandler
                0x10006a12                RSV51_IRQHandler
                0x10006a14                RSV52_IRQHandler
                0x10006a16                WUT_IRQHandler
                0x10006a18                GPIOWAKE_IRQHandler
                0x10006a1a                RSV55_IRQHandler
                0x10006a1c                SPI0_IRQHandler
                0x10006a1e                WDT1_IRQHandler
                0x10006a20                RSV58_IRQHandler
                0x10006a22                PT_IRQHandler
                0x10006a24                RSV60_IRQHandler
                0x10006a26                RSV61_IRQHandler
                0x10006a28                I2C2_IRQHandler
                0x10006a2a                RISCV_IRQHandler
                0x10006a2c                RSV64_IRQHandler
                0x10006a2e                RSV65_IRQHandler
                0x10006a30                RSV66_IRQHandler
                0x10006a32                OWM_IRQHandler
                0x10006a34                RSV68_IRQHandler
                0x10006a36                RSV69_IRQHandler
                0x10006a38                RSV70_IRQHandler
                0x10006a3a                RSV71_IRQHandler
                0x10006a3c                RSV72_IRQHandler
                0x10006a3e                RSV73_IRQHandler
                0x10006a40                RSV74_IRQHandler
                0x10006a42                RSV75_IRQHandler
                0x10006a44                RSV76_IRQHandler
                0x10006a46                RSV77_IRQHandler
                0x10006a48                RSV78_IRQHandler
                0x10006a4a                RSV79_IRQHandler
                0x10006a4c                RSV80_IRQHandler
                0x10006a4e                RSV81_IRQHandler
                0x10006a50                ECC_IRQHandler
                0x10006a52                DVS_IRQHandler
                0x10006a54                SIMO_IRQHandler
                0x10006a56                RSV85_IRQHandler
                0x10006a58                RSV86_IRQHandler
                0x10006a5a                RSV87_IRQHandler
                0x10006a5c                UART3_IRQHandler
                0x10006a5e                RSV89_IRQHandler
                0x10006a60                RSV90_IRQHandler
                0x10006a62                PCIF_IRQHandler
                0x10006a64                RSV92_IRQHandler
                0x10006a66                RSV93_IRQHandler
                0x10006a68                RSV94_IRQHandler
                0x10006a6a                RSV95_IRQHandler
                0x10006a6c                RSV96_IRQHandler
                0x10006a6e                AES_IRQHandler
                0x10006a70                RSV98_IRQHandler
                0x10006a72                I2S_IRQHandler
                0x10006a74                CNN_FIFO_IRQHandler
                0x10006a76                CNN_IRQHandler
                0x10006a78                RSV102_IRQHandler
                0x10006a7a                LPCMP_IRQHandler
 .text._sbrk    0x10006aa4       0x40 c:/MaximSDK/Examples/MAX78000/CNN/yolo_evkit_revise_2/build/heap.o
                0x10006aa4                _sbrk
 .text.SystemCoreClockUpdate
                0x10006ae4       0x68 c:/MaximSDK/Examples/MAX78000/CNN/yolo_evkit_revise_2/build/system_max78000.o
                0x10006ae4                SystemCoreClockUpdate
 .text.PreInit  0x10006b4c        0x4 c:/MaximSDK/Examples/MAX78000/CNN/yolo_evkit_revise_2/build/system_max78000.o
                0x10006b4c                PreInit
 .text.SystemInit
                0x10006b50       0x38 c:/MaximSDK/Examples/MAX78000/CNN/yolo_evkit_revise_2/build/system_max78000.o
                0x10006b50                SystemInit
 .text.MXC_DelayInit
                0x10006b88       0x80 ../../../../Libraries/PeriphDrivers/bin/MAX78000/softfp/libPeriphDriver_softfp.a(mxc_delay.o)
 .text.MXC_DelayAsync
                0x10006c08       0x3c ../../../../Libraries/PeriphDrivers/bin/MAX78000/softfp/libPeriphDriver_softfp.a(mxc_delay.o)
                0x10006c08                MXC_DelayAsync
 .text.MXC_DelayCheck
                0x10006c44       0x74 ../../../../Libraries/PeriphDrivers/bin/MAX78000/softfp/libPeriphDriver_softfp.a(mxc_delay.o)
                0x10006c44                MXC_DelayCheck
 .text.MXC_DelayAbort
                0x10006cb8       0x34 ../../../../Libraries/PeriphDrivers/bin/MAX78000/softfp/libPeriphDriver_softfp.a(mxc_delay.o)
                0x10006cb8                MXC_DelayAbort
 .text.MXC_Delay
                0x10006cec       0x74 ../../../../Libraries/PeriphDrivers/bin/MAX78000/softfp/libPeriphDriver_softfp.a(mxc_delay.o)
                0x10006cec                MXC_Delay
 .text.MXC_SYS_IsClockEnabled
                0x10006d60       0x50 ../../../../Libraries/PeriphDrivers/bin/MAX78000/softfp/libPeriphDriver_softfp.a(sys_ai85.o)
                0x10006d60                MXC_SYS_IsClockEnabled
 .text.MXC_SYS_ClockDisable
                0x10006db0       0x44 ../../../../Libraries/PeriphDrivers/bin/MAX78000/softfp/libPeriphDriver_softfp.a(sys_ai85.o)
                0x10006db0                MXC_SYS_ClockDisable
 .text.MXC_SYS_ClockEnable
                0x10006df4       0x4c ../../../../Libraries/PeriphDrivers/bin/MAX78000/softfp/libPeriphDriver_softfp.a(sys_ai85.o)
                0x10006df4                MXC_SYS_ClockEnable
 .text.MXC_SYS_Clock_Timeout
                0x10006e40       0x30 ../../../../Libraries/PeriphDrivers/bin/MAX78000/softfp/libPeriphDriver_softfp.a(sys_ai85.o)
                0x10006e40                MXC_SYS_Clock_Timeout
 .text.MXC_SYS_ClockSourceEnable
                0x10006e70       0x74 ../../../../Libraries/PeriphDrivers/bin/MAX78000/softfp/libPeriphDriver_softfp.a(sys_ai85.o)
                0x10006e70                MXC_SYS_ClockSourceEnable
 .text.MXC_SYS_Clock_Select
                0x10006ee4       0xf4 ../../../../Libraries/PeriphDrivers/bin/MAX78000/softfp/libPeriphDriver_softfp.a(sys_ai85.o)
                0x10006ee4                MXC_SYS_Clock_Select
 .text.MXC_SYS_Reset_Periph
                0x10006fd8       0x3c ../../../../Libraries/PeriphDrivers/bin/MAX78000/softfp/libPeriphDriver_softfp.a(sys_ai85.o)
                0x10006fd8                MXC_SYS_Reset_Periph
 .text.NVIC_SetVector
                0x10007014       0x4c ../../../../Libraries/PeriphDrivers/bin/MAX78000/softfp/libPeriphDriver_softfp.a(nvic_table.o)
                0x10007014                NVIC_SetVector
 .text.MXC_PCIF_Init
                0x10007060       0x6c ../../../../Libraries/PeriphDrivers/bin/MAX78000/softfp/libPeriphDriver_softfp.a(cameraif_ai85.o)
                0x10007060                MXC_PCIF_Init
 .text.MXC_PCIF_SetDataWidth
                0x100070cc        0xc ../../../../Libraries/PeriphDrivers/bin/MAX78000/softfp/libPeriphDriver_softfp.a(cameraif_ai85.o)
                0x100070cc                MXC_PCIF_SetDataWidth
 .text.MXC_PCIF_SetTimingSel
                0x100070d8        0xc ../../../../Libraries/PeriphDrivers/bin/MAX78000/softfp/libPeriphDriver_softfp.a(cameraif_ai85.o)
                0x100070d8                MXC_PCIF_SetTimingSel
 .text.MXC_PCIF_SetThreshold
                0x100070e4        0xc ../../../../Libraries/PeriphDrivers/bin/MAX78000/softfp/libPeriphDriver_softfp.a(cameraif_ai85.o)
                0x100070e4                MXC_PCIF_SetThreshold
 .text.MXC_PCIF_EnableInt
                0x100070f0        0xc ../../../../Libraries/PeriphDrivers/bin/MAX78000/softfp/libPeriphDriver_softfp.a(cameraif_ai85.o)
                0x100070f0                MXC_PCIF_EnableInt
 .text.MXC_PCIF_DisableInt
                0x100070fc        0xc ../../../../Libraries/PeriphDrivers/bin/MAX78000/softfp/libPeriphDriver_softfp.a(cameraif_ai85.o)
                0x100070fc                MXC_PCIF_DisableInt
 .text.MXC_PCIF_Start
                0x10007108        0xc ../../../../Libraries/PeriphDrivers/bin/MAX78000/softfp/libPeriphDriver_softfp.a(cameraif_ai85.o)
                0x10007108                MXC_PCIF_Start
 .text.MXC_PCIF_RevA_SetDatawidth
                0x10007114       0x14 ../../../../Libraries/PeriphDrivers/bin/MAX78000/softfp/libPeriphDriver_softfp.a(cameraif_reva.o)
                0x10007114                MXC_PCIF_RevA_SetDatawidth
 .text.MXC_PCIF_RevA_SetTimingSel
                0x10007128       0x14 ../../../../Libraries/PeriphDrivers/bin/MAX78000/softfp/libPeriphDriver_softfp.a(cameraif_reva.o)
                0x10007128                MXC_PCIF_RevA_SetTimingSel
 .text.MXC_PCIF_RevA_SetThreshold
                0x1000713c       0x18 ../../../../Libraries/PeriphDrivers/bin/MAX78000/softfp/libPeriphDriver_softfp.a(cameraif_reva.o)
                0x1000713c                MXC_PCIF_RevA_SetThreshold
 .text.MXC_PCIF_RevA_EnableInt
                0x10007154        0xc ../../../../Libraries/PeriphDrivers/bin/MAX78000/softfp/libPeriphDriver_softfp.a(cameraif_reva.o)
                0x10007154                MXC_PCIF_RevA_EnableInt
 .text.MXC_PCIF_RevA_DisableInt
                0x10007160       0x10 ../../../../Libraries/PeriphDrivers/bin/MAX78000/softfp/libPeriphDriver_softfp.a(cameraif_reva.o)
                0x10007160                MXC_PCIF_RevA_DisableInt
 .text.MXC_PCIF_RevA_Start
                0x10007170       0x14 ../../../../Libraries/PeriphDrivers/bin/MAX78000/softfp/libPeriphDriver_softfp.a(cameraif_reva.o)
                0x10007170                MXC_PCIF_RevA_Start
 .text.MXC_DMA_Init
                0x10007184       0x30 ../../../../Libraries/PeriphDrivers/bin/MAX78000/softfp/libPeriphDriver_softfp.a(dma_me17.o)
                0x10007184                MXC_DMA_Init
 .text.MXC_DMA_AcquireChannel
                0x100071b4        0xc ../../../../Libraries/PeriphDrivers/bin/MAX78000/softfp/libPeriphDriver_softfp.a(dma_me17.o)
                0x100071b4                MXC_DMA_AcquireChannel
 .text.MXC_DMA_SetCallback
                0x100071c0        0x4 ../../../../Libraries/PeriphDrivers/bin/MAX78000/softfp/libPeriphDriver_softfp.a(dma_me17.o)
                0x100071c0                MXC_DMA_SetCallback
 .text.MXC_DMA_ChannelClearFlags
                0x100071c4        0x4 ../../../../Libraries/PeriphDrivers/bin/MAX78000/softfp/libPeriphDriver_softfp.a(dma_me17.o)
                0x100071c4                MXC_DMA_ChannelClearFlags
 .text.MXC_DMA_Handler
                0x100071c8        0xc ../../../../Libraries/PeriphDrivers/bin/MAX78000/softfp/libPeriphDriver_softfp.a(dma_me17.o)
                0x100071c8                MXC_DMA_Handler
 .text.MXC_DMA_RevA_Init
                0x100071d4       0x94 ../../../../Libraries/PeriphDrivers/bin/MAX78000/softfp/libPeriphDriver_softfp.a(dma_reva.o)
                0x100071d4                MXC_DMA_RevA_Init
 .text.MXC_DMA_RevA_AcquireChannel
                0x10007268       0x70 ../../../../Libraries/PeriphDrivers/bin/MAX78000/softfp/libPeriphDriver_softfp.a(dma_reva.o)
                0x10007268                MXC_DMA_RevA_AcquireChannel
 .text.MXC_DMA_RevA_SetCallback
                0x100072d8       0x24 ../../../../Libraries/PeriphDrivers/bin/MAX78000/softfp/libPeriphDriver_softfp.a(dma_reva.o)
                0x100072d8                MXC_DMA_RevA_SetCallback
 .text.MXC_DMA_RevA_ChannelClearFlags
                0x100072fc       0x2c ../../../../Libraries/PeriphDrivers/bin/MAX78000/softfp/libPeriphDriver_softfp.a(dma_reva.o)
                0x100072fc                MXC_DMA_RevA_ChannelClearFlags
 .text.MXC_DMA_RevA_Handler
                0x10007328       0x78 ../../../../Libraries/PeriphDrivers/bin/MAX78000/softfp/libPeriphDriver_softfp.a(dma_reva.o)
                0x10007328                MXC_DMA_RevA_Handler
 .text.MXC_GPIO_Init
                0x100073a0       0x38 ../../../../Libraries/PeriphDrivers/bin/MAX78000/softfp/libPeriphDriver_softfp.a(gpio_ai85.o)
                0x100073a0                MXC_GPIO_Init
 .text.MXC_GPIO_Config
                0x100073d8      0x190 ../../../../Libraries/PeriphDrivers/bin/MAX78000/softfp/libPeriphDriver_softfp.a(gpio_ai85.o)
                0x100073d8                MXC_GPIO_Config
 .text.MXC_GPIO_OutSet
                0x10007568       0x34 ../../../../Libraries/PeriphDrivers/bin/MAX78000/softfp/libPeriphDriver_softfp.a(gpio_ai85.o)
                0x10007568                MXC_GPIO_OutSet
 .text.MXC_GPIO_OutClr
                0x1000759c       0x34 ../../../../Libraries/PeriphDrivers/bin/MAX78000/softfp/libPeriphDriver_softfp.a(gpio_ai85.o)
                0x1000759c                MXC_GPIO_OutClr
 .text.MXC_GPIO_EnableInt
                0x100075d0        0x4 ../../../../Libraries/PeriphDrivers/bin/MAX78000/softfp/libPeriphDriver_softfp.a(gpio_ai85.o)
                0x100075d0                MXC_GPIO_EnableInt
 .text.MXC_GPIO_DisableInt
                0x100075d4        0x4 ../../../../Libraries/PeriphDrivers/bin/MAX78000/softfp/libPeriphDriver_softfp.a(gpio_ai85.o)
                0x100075d4                MXC_GPIO_DisableInt
 .text.MXC_GPIO_RegisterCallback
                0x100075d8        0x4 ../../../../Libraries/PeriphDrivers/bin/MAX78000/softfp/libPeriphDriver_softfp.a(gpio_ai85.o)
                0x100075d8                MXC_GPIO_RegisterCallback
 .text.MXC_GPIO_Handler
                0x100075dc        0x4 ../../../../Libraries/PeriphDrivers/bin/MAX78000/softfp/libPeriphDriver_softfp.a(gpio_ai85.o)
                0x100075dc                MXC_GPIO_Handler
 .text.MXC_GPIO_ClearFlags
                0x100075e0        0x4 ../../../../Libraries/PeriphDrivers/bin/MAX78000/softfp/libPeriphDriver_softfp.a(gpio_ai85.o)
                0x100075e0                MXC_GPIO_ClearFlags
 .text.MXC_GPIO_GetFlags
                0x100075e4        0x4 ../../../../Libraries/PeriphDrivers/bin/MAX78000/softfp/libPeriphDriver_softfp.a(gpio_ai85.o)
                0x100075e4                MXC_GPIO_GetFlags
 .text.MXC_GPIO_SetVSSEL
                0x100075e8        0x4 ../../../../Libraries/PeriphDrivers/bin/MAX78000/softfp/libPeriphDriver_softfp.a(gpio_ai85.o)
                0x100075e8                MXC_GPIO_SetVSSEL
 .text.MXC_GPIO_RevA_OutSet
                0x100075ec        0x4 ../../../../Libraries/PeriphDrivers/bin/MAX78000/softfp/libPeriphDriver_softfp.a(gpio_reva.o)
                0x100075ec                MXC_GPIO_RevA_OutSet
 .text.MXC_GPIO_RevA_OutClr
                0x100075f0        0x4 ../../../../Libraries/PeriphDrivers/bin/MAX78000/softfp/libPeriphDriver_softfp.a(gpio_reva.o)
                0x100075f0                MXC_GPIO_RevA_OutClr
 .text.MXC_GPIO_RevA_EnableInt
                0x100075f4        0x4 ../../../../Libraries/PeriphDrivers/bin/MAX78000/softfp/libPeriphDriver_softfp.a(gpio_reva.o)
                0x100075f4                MXC_GPIO_RevA_EnableInt
 .text.MXC_GPIO_RevA_DisableInt
                0x100075f8        0x4 ../../../../Libraries/PeriphDrivers/bin/MAX78000/softfp/libPeriphDriver_softfp.a(gpio_reva.o)
                0x100075f8                MXC_GPIO_RevA_DisableInt
 .text.MXC_GPIO_RevA_ClearFlags
                0x100075fc        0x4 ../../../../Libraries/PeriphDrivers/bin/MAX78000/softfp/libPeriphDriver_softfp.a(gpio_reva.o)
                0x100075fc                MXC_GPIO_RevA_ClearFlags
 .text.MXC_GPIO_RevA_GetFlags
                0x10007600        0x4 ../../../../Libraries/PeriphDrivers/bin/MAX78000/softfp/libPeriphDriver_softfp.a(gpio_reva.o)
                0x10007600                MXC_GPIO_RevA_GetFlags
 .text.MXC_GPIO_RevA_SetVSSEL
                0x10007604       0x30 ../../../../Libraries/PeriphDrivers/bin/MAX78000/softfp/libPeriphDriver_softfp.a(gpio_reva.o)
                0x10007604                MXC_GPIO_RevA_SetVSSEL
 .text.MXC_GPIO_RevA_SetAF
                0x10007634       0x58 ../../../../Libraries/PeriphDrivers/bin/MAX78000/softfp/libPeriphDriver_softfp.a(gpio_reva.o)
                0x10007634                MXC_GPIO_RevA_SetAF
 .text.MXC_ICC_Enable
                0x1000768c        0x4 ../../../../Libraries/PeriphDrivers/bin/MAX78000/softfp/libPeriphDriver_softfp.a(icc_me17.o)
                0x1000768c                MXC_ICC_Enable
 .text.MXC_ICC_RevA_Enable
                0x10007690       0x30 ../../../../Libraries/PeriphDrivers/bin/MAX78000/softfp/libPeriphDriver_softfp.a(icc_reva.o)
                0x10007690                MXC_ICC_RevA_Enable
 .text.MXC_PT_Init
                0x100076c0      0x128 ../../../../Libraries/PeriphDrivers/bin/MAX78000/softfp/libPeriphDriver_softfp.a(pt_me17.o)
                0x100076c0                MXC_PT_Init
 .text.MXC_PT_Config
                0x100077e8       0x5c ../../../../Libraries/PeriphDrivers/bin/MAX78000/softfp/libPeriphDriver_softfp.a(pt_me17.o)
                0x100077e8                MXC_PT_Config
 .text.MXC_PT_SqrWaveConfig
                0x10007844       0x20 ../../../../Libraries/PeriphDrivers/bin/MAX78000/softfp/libPeriphDriver_softfp.a(pt_me17.o)
                0x10007844                MXC_PT_SqrWaveConfig
 .text.MXC_PT_Start
                0x10007864        0xc ../../../../Libraries/PeriphDrivers/bin/MAX78000/softfp/libPeriphDriver_softfp.a(pt_me17.o)
                0x10007864                MXC_PT_Start
 .text.MXC_PT_IsActive
                0x10007870        0xc ../../../../Libraries/PeriphDrivers/bin/MAX78000/softfp/libPeriphDriver_softfp.a(pt_me17.o)
                0x10007870                MXC_PT_IsActive
 .text.MXC_PT_RevA_Init
                0x1000787c        0xc ../../../../Libraries/PeriphDrivers/bin/MAX78000/softfp/libPeriphDriver_softfp.a(pt_reva.o)
                0x1000787c                MXC_PT_RevA_Init
 .text.MXC_PT_RevA_Config
                0x10007888       0xbc ../../../../Libraries/PeriphDrivers/bin/MAX78000/softfp/libPeriphDriver_softfp.a(pt_reva.o)
                0x10007888                MXC_PT_RevA_Config
 .text.MXC_PT_RevA_SqrWaveConfig
                0x10007944       0x1c ../../../../Libraries/PeriphDrivers/bin/MAX78000/softfp/libPeriphDriver_softfp.a(pt_reva.o)
                0x10007944                MXC_PT_RevA_SqrWaveConfig
 .text.MXC_PT_RevA_Start
                0x10007960       0x10 ../../../../Libraries/PeriphDrivers/bin/MAX78000/softfp/libPeriphDriver_softfp.a(pt_reva.o)
                0x10007960                MXC_PT_RevA_Start
 .text.MXC_PT_RevA_IsActive
                0x10007970        0xc ../../../../Libraries/PeriphDrivers/bin/MAX78000/softfp/libPeriphDriver_softfp.a(pt_reva.o)
                0x10007970                MXC_PT_RevA_IsActive
 .text.MXC_RTC_Start
                0x1000797c        0xc ../../../../Libraries/PeriphDrivers/bin/MAX78000/softfp/libPeriphDriver_softfp.a(rtc_me17.o)
                0x1000797c                MXC_RTC_Start
 .text.MXC_RTC_Init
                0x10007988       0x20 ../../../../Libraries/PeriphDrivers/bin/MAX78000/softfp/libPeriphDriver_softfp.a(rtc_me17.o)
                0x10007988                MXC_RTC_Init
 .text.MXC_RTC_GetSubSecond
                0x100079a8        0x4 ../../../../Libraries/PeriphDrivers/bin/MAX78000/softfp/libPeriphDriver_softfp.a(rtc_me17.o)
                0x100079a8                MXC_RTC_GetSubSecond
 .text.MXC_RTC_GetSecond
                0x100079ac        0x4 ../../../../Libraries/PeriphDrivers/bin/MAX78000/softfp/libPeriphDriver_softfp.a(rtc_me17.o)
                0x100079ac                MXC_RTC_GetSecond
 .text.MXC_RTC_CheckBusy
                0x100079b0       0x34 ../../../../Libraries/PeriphDrivers/bin/MAX78000/softfp/libPeriphDriver_softfp.a(rtc_reva.o)
                0x100079b0                MXC_RTC_CheckBusy
 .text.MXC_RTC_RevA_Start
                0x100079e4       0x38 ../../../../Libraries/PeriphDrivers/bin/MAX78000/softfp/libPeriphDriver_softfp.a(rtc_reva.o)
                0x100079e4                MXC_RTC_RevA_Start
 .text.MXC_RTC_RevA_Init
                0x10007a1c       0x50 ../../../../Libraries/PeriphDrivers/bin/MAX78000/softfp/libPeriphDriver_softfp.a(rtc_reva.o)
                0x10007a1c                MXC_RTC_RevA_Init
 .text.MXC_RTC_RevA_GetSubSecond
                0x10007a6c        0xc ../../../../Libraries/PeriphDrivers/bin/MAX78000/softfp/libPeriphDriver_softfp.a(rtc_reva.o)
                0x10007a6c                MXC_RTC_RevA_GetSubSecond
 .text.MXC_RTC_RevA_GetSecond
                0x10007a78        0xc ../../../../Libraries/PeriphDrivers/bin/MAX78000/softfp/libPeriphDriver_softfp.a(rtc_reva.o)
                0x10007a78                MXC_RTC_RevA_GetSecond
 .text.MXC_SPI_Init
                0x10007a84      0x1e8 ../../../../Libraries/PeriphDrivers/bin/MAX78000/softfp/libPeriphDriver_softfp.a(spi_me17.o)
                0x10007a84                MXC_SPI_Init
 .text.MXC_SPI_GetPeripheralClock
                0x10007c6c       0x70 ../../../../Libraries/PeriphDrivers/bin/MAX78000/softfp/libPeriphDriver_softfp.a(spi_me17.o)
                0x10007c6c                MXC_SPI_GetPeripheralClock
 .text.MXC_SPI_SetFrequency
                0x10007cdc        0x4 ../../../../Libraries/PeriphDrivers/bin/MAX78000/softfp/libPeriphDriver_softfp.a(spi_me17.o)
                0x10007cdc                MXC_SPI_SetFrequency
 .text.MXC_SPI_SetDataSize
                0x10007ce0        0x4 ../../../../Libraries/PeriphDrivers/bin/MAX78000/softfp/libPeriphDriver_softfp.a(spi_me17.o)
                0x10007ce0                MXC_SPI_SetDataSize
 .text.MXC_SPI_GetDataSize
                0x10007ce4        0x4 ../../../../Libraries/PeriphDrivers/bin/MAX78000/softfp/libPeriphDriver_softfp.a(spi_me17.o)
                0x10007ce4                MXC_SPI_GetDataSize
 .text.MXC_SPI_SetSlave
                0x10007ce8        0x4 ../../../../Libraries/PeriphDrivers/bin/MAX78000/softfp/libPeriphDriver_softfp.a(spi_me17.o)
                0x10007ce8                MXC_SPI_SetSlave
 .text.MXC_SPI_SetWidth
                0x10007cec        0x4 ../../../../Libraries/PeriphDrivers/bin/MAX78000/softfp/libPeriphDriver_softfp.a(spi_me17.o)
                0x10007cec                MXC_SPI_SetWidth
 .text.MXC_SPI_GetWidth
                0x10007cf0        0x4 ../../../../Libraries/PeriphDrivers/bin/MAX78000/softfp/libPeriphDriver_softfp.a(spi_me17.o)
                0x10007cf0                MXC_SPI_GetWidth
 .text.MXC_SPI_StartTransmission
                0x10007cf4        0x4 ../../../../Libraries/PeriphDrivers/bin/MAX78000/softfp/libPeriphDriver_softfp.a(spi_me17.o)
                0x10007cf4                MXC_SPI_StartTransmission
 .text.MXC_SPI_GetActive
                0x10007cf8        0x4 ../../../../Libraries/PeriphDrivers/bin/MAX78000/softfp/libPeriphDriver_softfp.a(spi_me17.o)
                0x10007cf8                MXC_SPI_GetActive
 .text.MXC_SPI_ReadRXFIFO
                0x10007cfc        0x4 ../../../../Libraries/PeriphDrivers/bin/MAX78000/softfp/libPeriphDriver_softfp.a(spi_me17.o)
                0x10007cfc                MXC_SPI_ReadRXFIFO
 .text.MXC_SPI_GetRXFIFOAvailable
                0x10007d00        0x4 ../../../../Libraries/PeriphDrivers/bin/MAX78000/softfp/libPeriphDriver_softfp.a(spi_me17.o)
                0x10007d00                MXC_SPI_GetRXFIFOAvailable
 .text.MXC_SPI_WriteTXFIFO
                0x10007d04        0x4 ../../../../Libraries/PeriphDrivers/bin/MAX78000/softfp/libPeriphDriver_softfp.a(spi_me17.o)
                0x10007d04                MXC_SPI_WriteTXFIFO
 .text.MXC_SPI_GetTXFIFOAvailable
                0x10007d08        0x4 ../../../../Libraries/PeriphDrivers/bin/MAX78000/softfp/libPeriphDriver_softfp.a(spi_me17.o)
                0x10007d08                MXC_SPI_GetTXFIFOAvailable
 .text.MXC_SPI_SetRXThreshold
                0x10007d0c        0x4 ../../../../Libraries/PeriphDrivers/bin/MAX78000/softfp/libPeriphDriver_softfp.a(spi_me17.o)
                0x10007d0c                MXC_SPI_SetRXThreshold
 .text.MXC_SPI_SetTXThreshold
                0x10007d10        0x4 ../../../../Libraries/PeriphDrivers/bin/MAX78000/softfp/libPeriphDriver_softfp.a(spi_me17.o)
                0x10007d10                MXC_SPI_SetTXThreshold
 .text.MXC_SPI_MasterTransaction
                0x10007d14        0x4 ../../../../Libraries/PeriphDrivers/bin/MAX78000/softfp/libPeriphDriver_softfp.a(spi_me17.o)
                0x10007d14                MXC_SPI_MasterTransaction
 .text.MXC_SPI_RevA_TransSetup
                0x10007d18      0x1a4 ../../../../Libraries/PeriphDrivers/bin/MAX78000/softfp/libPeriphDriver_softfp.a(spi_reva.o)
 .text.MXC_SPI_RevA_TransHandler
                0x10007ebc      0x164 ../../../../Libraries/PeriphDrivers/bin/MAX78000/softfp/libPeriphDriver_softfp.a(spi_reva.o)
 .text.MXC_SPI_RevA_MasterTransHandler
                0x10008020       0x68 ../../../../Libraries/PeriphDrivers/bin/MAX78000/softfp/libPeriphDriver_softfp.a(spi_reva.o)
 .text.MXC_SPI_RevA_Init
                0x10008088       0xd8 ../../../../Libraries/PeriphDrivers/bin/MAX78000/softfp/libPeriphDriver_softfp.a(spi_reva.o)
                0x10008088                MXC_SPI_RevA_Init
 .text.MXC_SPI_RevA_SetFrequency
                0x10008160       0x94 ../../../../Libraries/PeriphDrivers/bin/MAX78000/softfp/libPeriphDriver_softfp.a(spi_reva.o)
                0x10008160                MXC_SPI_RevA_SetFrequency
 .text.MXC_SPI_RevA_SetDataSize
                0x100081f4       0x9c ../../../../Libraries/PeriphDrivers/bin/MAX78000/softfp/libPeriphDriver_softfp.a(spi_reva.o)
                0x100081f4                MXC_SPI_RevA_SetDataSize
 .text.MXC_SPI_RevA_GetDataSize
                0x10008290       0x3c ../../../../Libraries/PeriphDrivers/bin/MAX78000/softfp/libPeriphDriver_softfp.a(spi_reva.o)
                0x10008290                MXC_SPI_RevA_GetDataSize
 .text.MXC_SPI_RevA_SetSlave
                0x100082cc       0x60 ../../../../Libraries/PeriphDrivers/bin/MAX78000/softfp/libPeriphDriver_softfp.a(spi_reva.o)
                0x100082cc                MXC_SPI_RevA_SetSlave
 .text.MXC_SPI_RevA_SetWidth
                0x1000832c       0x6c ../../../../Libraries/PeriphDrivers/bin/MAX78000/softfp/libPeriphDriver_softfp.a(spi_reva.o)
                0x1000832c                MXC_SPI_RevA_SetWidth
 .text.MXC_SPI_RevA_GetWidth
                0x10008398       0x24 ../../../../Libraries/PeriphDrivers/bin/MAX78000/softfp/libPeriphDriver_softfp.a(spi_reva.o)
                0x10008398                MXC_SPI_RevA_GetWidth
 .text.MXC_SPI_RevA_StartTransmission
                0x100083bc       0x40 ../../../../Libraries/PeriphDrivers/bin/MAX78000/softfp/libPeriphDriver_softfp.a(spi_reva.o)
                0x100083bc                MXC_SPI_RevA_StartTransmission
 .text.MXC_SPI_RevA_GetActive
                0x100083fc       0x10 ../../../../Libraries/PeriphDrivers/bin/MAX78000/softfp/libPeriphDriver_softfp.a(spi_reva.o)
                0x100083fc                MXC_SPI_RevA_GetActive
 .text.MXC_SPI_RevA_ReadRXFIFO
                0x1000840c       0x88 ../../../../Libraries/PeriphDrivers/bin/MAX78000/softfp/libPeriphDriver_softfp.a(spi_reva.o)
                0x1000840c                MXC_SPI_RevA_ReadRXFIFO
 .text.MXC_SPI_RevA_GetRXFIFOAvailable
                0x10008494        0x8 ../../../../Libraries/PeriphDrivers/bin/MAX78000/softfp/libPeriphDriver_softfp.a(spi_reva.o)
                0x10008494                MXC_SPI_RevA_GetRXFIFOAvailable
 .text.MXC_SPI_RevA_WriteTXFIFO
                0x1000849c       0x90 ../../../../Libraries/PeriphDrivers/bin/MAX78000/softfp/libPeriphDriver_softfp.a(spi_reva.o)
                0x1000849c                MXC_SPI_RevA_WriteTXFIFO
 .text.MXC_SPI_RevA_GetTXFIFOAvailable
                0x1000852c       0x38 ../../../../Libraries/PeriphDrivers/bin/MAX78000/softfp/libPeriphDriver_softfp.a(spi_reva.o)
                0x1000852c                MXC_SPI_RevA_GetTXFIFOAvailable
 .text.MXC_SPI_RevA_SetRXThreshold
                0x10008564       0x4c ../../../../Libraries/PeriphDrivers/bin/MAX78000/softfp/libPeriphDriver_softfp.a(spi_reva.o)
                0x10008564                MXC_SPI_RevA_SetRXThreshold
 .text.MXC_SPI_RevA_SetTXThreshold
                0x100085b0       0x48 ../../../../Libraries/PeriphDrivers/bin/MAX78000/softfp/libPeriphDriver_softfp.a(spi_reva.o)
                0x100085b0                MXC_SPI_RevA_SetTXThreshold
 .text.MXC_SPI_RevA_MasterTransaction
                0x100085f8       0x2c ../../../../Libraries/PeriphDrivers/bin/MAX78000/softfp/libPeriphDriver_softfp.a(spi_reva.o)
                0x100085f8                MXC_SPI_RevA_MasterTransaction
 .text.MXC_TMR_Init
                0x10008624      0x344 ../../../../Libraries/PeriphDrivers/bin/MAX78000/softfp/libPeriphDriver_softfp.a(tmr_ai85.o)
                0x10008624                MXC_TMR_Init
 .text.MXC_TMR_Start
                0x10008968        0x4 ../../../../Libraries/PeriphDrivers/bin/MAX78000/softfp/libPeriphDriver_softfp.a(tmr_ai85.o)
                0x10008968                MXC_TMR_Start
 .text.MXC_TMR_Stop
                0x1000896c        0x4 ../../../../Libraries/PeriphDrivers/bin/MAX78000/softfp/libPeriphDriver_softfp.a(tmr_ai85.o)
                0x1000896c                MXC_TMR_Stop
 .text.MXC_TMR_ClearFlags
                0x10008970        0x4 ../../../../Libraries/PeriphDrivers/bin/MAX78000/softfp/libPeriphDriver_softfp.a(tmr_ai85.o)
                0x10008970                MXC_TMR_ClearFlags
 .text.MXC_TMR_SetCount
                0x10008974        0x4 ../../../../Libraries/PeriphDrivers/bin/MAX78000/softfp/libPeriphDriver_softfp.a(tmr_ai85.o)
                0x10008974                MXC_TMR_SetCount
 .text.MXC_TMR_TO_Start
                0x10008978        0x4 ../../../../Libraries/PeriphDrivers/bin/MAX78000/softfp/libPeriphDriver_softfp.a(tmr_ai85.o)
                0x10008978                MXC_TMR_TO_Start
 .text.MXC_TMR_TO_Stop
                0x1000897c        0x4 ../../../../Libraries/PeriphDrivers/bin/MAX78000/softfp/libPeriphDriver_softfp.a(tmr_ai85.o)
                0x1000897c                MXC_TMR_TO_Stop
 .text.MXC_TMR_TO_Elapsed
                0x10008980        0x4 ../../../../Libraries/PeriphDrivers/bin/MAX78000/softfp/libPeriphDriver_softfp.a(tmr_ai85.o)
                0x10008980                MXC_TMR_TO_Elapsed
 .text.MXC_TMR_SW_Start
                0x10008984        0x4 ../../../../Libraries/PeriphDrivers/bin/MAX78000/softfp/libPeriphDriver_softfp.a(tmr_ai85.o)
                0x10008984                MXC_TMR_SW_Start
 .text.MXC_TMR_SW_Stop
                0x10008988        0x4 ../../../../Libraries/PeriphDrivers/bin/MAX78000/softfp/libPeriphDriver_softfp.a(tmr_ai85.o)
                0x10008988                MXC_TMR_SW_Stop
 .text.MXC_TMR_GetTime
                0x1000898c        0x4 ../../../../Libraries/PeriphDrivers/bin/MAX78000/softfp/libPeriphDriver_softfp.a(tmr_ai85.o)
                0x1000898c                MXC_TMR_GetTime
 .text.MXC_TMR_RevB_ConfigGeneric
                0x10008990       0xe4 ../../../../Libraries/PeriphDrivers/bin/MAX78000/softfp/libPeriphDriver_softfp.a(tmr_revb.o)
                0x10008990                MXC_TMR_RevB_ConfigGeneric
 .text.MXC_TMR_RevB_Init
                0x10008a74       0xc4 ../../../../Libraries/PeriphDrivers/bin/MAX78000/softfp/libPeriphDriver_softfp.a(tmr_revb.o)
                0x10008a74                MXC_TMR_RevB_Init
 .text.MXC_TMR_RevB_Start
                0x10008b38       0x5c ../../../../Libraries/PeriphDrivers/bin/MAX78000/softfp/libPeriphDriver_softfp.a(tmr_revb.o)
                0x10008b38                MXC_TMR_RevB_Start
 .text.MXC_TMR_RevB_Stop
                0x10008b94       0x58 ../../../../Libraries/PeriphDrivers/bin/MAX78000/softfp/libPeriphDriver_softfp.a(tmr_revb.o)
                0x10008b94                MXC_TMR_RevB_Stop
 .text.MXC_TMR_RevB_ClearFlags
                0x10008bec       0x58 ../../../../Libraries/PeriphDrivers/bin/MAX78000/softfp/libPeriphDriver_softfp.a(tmr_revb.o)
                0x10008bec                MXC_TMR_RevB_ClearFlags
 .text.MXC_TMR_RevB_SetCount
                0x10008c44       0x5c ../../../../Libraries/PeriphDrivers/bin/MAX78000/softfp/libPeriphDriver_softfp.a(tmr_revb.o)
                0x10008c44                MXC_TMR_RevB_SetCount
 .text.MXC_TMR_RevB_TO_Start
                0x10008ca0       0xf8 ../../../../Libraries/PeriphDrivers/bin/MAX78000/softfp/libPeriphDriver_softfp.a(tmr_revb.o)
                0x10008ca0                MXC_TMR_RevB_TO_Start
 .text.MXC_TMR_RevB_GetTime
                0x10008d98      0x15c ../../../../Libraries/PeriphDrivers/bin/MAX78000/softfp/libPeriphDriver_softfp.a(tmr_revb.o)
                0x10008d98                MXC_TMR_RevB_GetTime
 .text.MXC_UART_GetFrequency.part.0
                0x10008ef4       0x64 ../../../../Libraries/PeriphDrivers/bin/MAX78000/softfp/libPeriphDriver_softfp.a(uart_ai85.o)
 .text.MXC_UART_Shutdown
                0x10008f58       0x70 ../../../../Libraries/PeriphDrivers/bin/MAX78000/softfp/libPeriphDriver_softfp.a(uart_ai85.o)
                0x10008f58                MXC_UART_Shutdown
 .text.MXC_UART_Init
                0x10008fc8       0xb8 ../../../../Libraries/PeriphDrivers/bin/MAX78000/softfp/libPeriphDriver_softfp.a(uart_ai85.o)
                0x10008fc8                MXC_UART_Init
 .text.MXC_UART_SetFrequency
                0x10009080       0xc4 ../../../../Libraries/PeriphDrivers/bin/MAX78000/softfp/libPeriphDriver_softfp.a(uart_ai85.o)
                0x10009080                MXC_UART_SetFrequency
 .text.MXC_UART_GetFrequency
                0x10009144       0x30 ../../../../Libraries/PeriphDrivers/bin/MAX78000/softfp/libPeriphDriver_softfp.a(uart_ai85.o)
                0x10009144                MXC_UART_GetFrequency
 .text.MXC_UART_SetDataSize
                0x10009174        0x4 ../../../../Libraries/PeriphDrivers/bin/MAX78000/softfp/libPeriphDriver_softfp.a(uart_ai85.o)
                0x10009174                MXC_UART_SetDataSize
 .text.MXC_UART_SetStopBits
                0x10009178        0x4 ../../../../Libraries/PeriphDrivers/bin/MAX78000/softfp/libPeriphDriver_softfp.a(uart_ai85.o)
                0x10009178                MXC_UART_SetStopBits
 .text.MXC_UART_SetParity
                0x1000917c        0x4 ../../../../Libraries/PeriphDrivers/bin/MAX78000/softfp/libPeriphDriver_softfp.a(uart_ai85.o)
                0x1000917c                MXC_UART_SetParity
 .text.MXC_UART_ReadCharacterRaw
                0x10009180        0x4 ../../../../Libraries/PeriphDrivers/bin/MAX78000/softfp/libPeriphDriver_softfp.a(uart_ai85.o)
                0x10009180                MXC_UART_ReadCharacterRaw
 .text.MXC_UART_WriteCharacterRaw
                0x10009184        0x4 ../../../../Libraries/PeriphDrivers/bin/MAX78000/softfp/libPeriphDriver_softfp.a(uart_ai85.o)
                0x10009184                MXC_UART_WriteCharacterRaw
 .text.MXC_UART_ReadCharacter
                0x10009188        0x4 ../../../../Libraries/PeriphDrivers/bin/MAX78000/softfp/libPeriphDriver_softfp.a(uart_ai85.o)
                0x10009188                MXC_UART_ReadCharacter
 .text.MXC_UART_WriteCharacter
                0x1000918c        0x4 ../../../../Libraries/PeriphDrivers/bin/MAX78000/softfp/libPeriphDriver_softfp.a(uart_ai85.o)
                0x1000918c                MXC_UART_WriteCharacter
 .text.MXC_UART_GetRXFIFOAvailable
                0x10009190        0x4 ../../../../Libraries/PeriphDrivers/bin/MAX78000/softfp/libPeriphDriver_softfp.a(uart_ai85.o)
                0x10009190                MXC_UART_GetRXFIFOAvailable
 .text.MXC_UART_GetTXFIFOAvailable
                0x10009194        0x4 ../../../../Libraries/PeriphDrivers/bin/MAX78000/softfp/libPeriphDriver_softfp.a(uart_ai85.o)
                0x10009194                MXC_UART_GetTXFIFOAvailable
 .text.MXC_UART_SetRXThreshold
                0x10009198        0x4 ../../../../Libraries/PeriphDrivers/bin/MAX78000/softfp/libPeriphDriver_softfp.a(uart_ai85.o)
                0x10009198                MXC_UART_SetRXThreshold
 .text.MXC_UART_Common_ReadCharacter
                0x1000919c       0x18 ../../../../Libraries/PeriphDrivers/bin/MAX78000/softfp/libPeriphDriver_softfp.a(uart_common.o)
                0x1000919c                MXC_UART_Common_ReadCharacter
 .text.MXC_UART_Common_WriteCharacter
                0x100091b4       0x1c ../../../../Libraries/PeriphDrivers/bin/MAX78000/softfp/libPeriphDriver_softfp.a(uart_common.o)
                0x100091b4                MXC_UART_Common_WriteCharacter
 .text.MXC_UART_RevB_Init
                0x100091d0       0x70 ../../../../Libraries/PeriphDrivers/bin/MAX78000/softfp/libPeriphDriver_softfp.a(uart_revb.o)
                0x100091d0                MXC_UART_RevB_Init
 .text.MXC_UART_RevB_SetFrequency
                0x10009240       0x9c ../../../../Libraries/PeriphDrivers/bin/MAX78000/softfp/libPeriphDriver_softfp.a(uart_revb.o)
                0x10009240                MXC_UART_RevB_SetFrequency
 .text.MXC_UART_RevB_GetFrequency
                0x100092dc       0x74 ../../../../Libraries/PeriphDrivers/bin/MAX78000/softfp/libPeriphDriver_softfp.a(uart_revb.o)
                0x100092dc                MXC_UART_RevB_GetFrequency
 .text.MXC_UART_RevB_SetDataSize
                0x10009350       0x40 ../../../../Libraries/PeriphDrivers/bin/MAX78000/softfp/libPeriphDriver_softfp.a(uart_revb.o)
                0x10009350                MXC_UART_RevB_SetDataSize
 .text.MXC_UART_RevB_SetStopBits
                0x10009390       0x4c ../../../../Libraries/PeriphDrivers/bin/MAX78000/softfp/libPeriphDriver_softfp.a(uart_revb.o)
                0x10009390                MXC_UART_RevB_SetStopBits
 .text.MXC_UART_RevB_SetParity
                0x100093dc       0x9c ../../../../Libraries/PeriphDrivers/bin/MAX78000/softfp/libPeriphDriver_softfp.a(uart_revb.o)
                0x100093dc                MXC_UART_RevB_SetParity
 .text.MXC_UART_RevB_ReadCharacterRaw
                0x10009478       0x38 ../../../../Libraries/PeriphDrivers/bin/MAX78000/softfp/libPeriphDriver_softfp.a(uart_revb.o)
                0x10009478                MXC_UART_RevB_ReadCharacterRaw
 .text.MXC_UART_RevB_WriteCharacterRaw
                0x100094b0       0x3c ../../../../Libraries/PeriphDrivers/bin/MAX78000/softfp/libPeriphDriver_softfp.a(uart_revb.o)
                0x100094b0                MXC_UART_RevB_WriteCharacterRaw
 .text.MXC_UART_RevB_GetRXFIFOAvailable
                0x100094ec        0x8 ../../../../Libraries/PeriphDrivers/bin/MAX78000/softfp/libPeriphDriver_softfp.a(uart_revb.o)
                0x100094ec                MXC_UART_RevB_GetRXFIFOAvailable
 .text.MXC_UART_RevB_GetTXFIFOAvailable
                0x100094f4        0xc ../../../../Libraries/PeriphDrivers/bin/MAX78000/softfp/libPeriphDriver_softfp.a(uart_revb.o)
                0x100094f4                MXC_UART_RevB_GetTXFIFOAvailable
 .text.MXC_UART_RevB_SetRXThreshold
                0x10009500       0x3c ../../../../Libraries/PeriphDrivers/bin/MAX78000/softfp/libPeriphDriver_softfp.a(uart_revb.o)
                0x10009500                MXC_UART_RevB_SetRXThreshold
 .text.MXC_GetLock
                0x1000953c       0x1c ../../../../Libraries/PeriphDrivers/bin/MAX78000/softfp/libPeriphDriver_softfp.a(mxc_lock.o)
                0x1000953c                MXC_GetLock
 .text.MXC_FreeLock
                0x10009558        0xc ../../../../Libraries/PeriphDrivers/bin/MAX78000/softfp/libPeriphDriver_softfp.a(mxc_lock.o)
                0x10009558                MXC_FreeLock
 .text.MXC_GPIO_Common_Init
                0x10009564       0x3c ../../../../Libraries/PeriphDrivers/bin/MAX78000/softfp/libPeriphDriver_softfp.a(gpio_common.o)
                0x10009564                MXC_GPIO_Common_Init
 .text.MXC_GPIO_Common_RegisterCallback
                0x100095a0       0x78 ../../../../Libraries/PeriphDrivers/bin/MAX78000/softfp/libPeriphDriver_softfp.a(gpio_common.o)
                0x100095a0                MXC_GPIO_Common_RegisterCallback
 .text.MXC_GPIO_Common_Handler
                0x10009618       0x88 ../../../../Libraries/PeriphDrivers/bin/MAX78000/softfp/libPeriphDriver_softfp.a(gpio_common.o)
                0x10009618                MXC_GPIO_Common_Handler
 .text.MXC_TMR_Common_TO_Stop
                0x100096a0       0x14 ../../../../Libraries/PeriphDrivers/bin/MAX78000/softfp/libPeriphDriver_softfp.a(tmr_common.o)
                0x100096a0                MXC_TMR_Common_TO_Stop
 .text.MXC_TMR_Common_SW_Start
                0x100096b4        0x8 ../../../../Libraries/PeriphDrivers/bin/MAX78000/softfp/libPeriphDriver_softfp.a(tmr_common.o)
                0x100096b4                MXC_TMR_Common_SW_Start
 .text.MXC_TMR_Common_SW_Stop
                0x100096bc       0x14 ../../../../Libraries/PeriphDrivers/bin/MAX78000/softfp/libPeriphDriver_softfp.a(tmr_common.o)
                0x100096bc                MXC_TMR_Common_SW_Stop
 .text.MXC_TMR_Common_TO_Elapsed
                0x100096d0       0x58 ../../../../Libraries/PeriphDrivers/bin/MAX78000/softfp/libPeriphDriver_softfp.a(tmr_common.o)
                0x100096d0                MXC_TMR_Common_TO_Elapsed
 .text.__errno  0x10009728        0xc c:/maximsdk/tools/gnutools/bin/../lib/gcc/arm-none-eabi/9.2.1/../../../../arm-none-eabi/lib/thumb/v7e-m+fp/softfp\libc.a(lib_a-errno.o)
                0x10009728                __errno
 .text.__libc_init_array
                0x10009734       0x48 c:/maximsdk/tools/gnutools/bin/../lib/gcc/arm-none-eabi/9.2.1/../../../../arm-none-eabi/lib/thumb/v7e-m+fp/softfp\libc.a(lib_a-init.o)
                0x10009734                __libc_init_array
 .text.malloc   0x1000977c       0x10 c:/maximsdk/tools/gnutools/bin/../lib/gcc/arm-none-eabi/9.2.1/../../../../arm-none-eabi/lib/thumb/v7e-m+fp/softfp\libc.a(lib_a-malloc.o)
                0x1000977c                malloc
 .text.free     0x1000978c       0x10 c:/maximsdk/tools/gnutools/bin/../lib/gcc/arm-none-eabi/9.2.1/../../../../arm-none-eabi/lib/thumb/v7e-m+fp/softfp\libc.a(lib_a-malloc.o)
                0x1000978c                free
 .text._malloc_r
                0x1000979c      0x574 c:/maximsdk/tools/gnutools/bin/../lib/gcc/arm-none-eabi/9.2.1/../../../../arm-none-eabi/lib/thumb/v7e-m+fp/softfp\libc.a(lib_a-mallocr.o)
                0x1000979c                _malloc_r
 .text          0x10009d10      0x134 c:/maximsdk/tools/gnutools/bin/../lib/gcc/arm-none-eabi/9.2.1/../../../../arm-none-eabi/lib/thumb/v7e-m+fp/softfp\libc.a(lib_a-memcpy.o)
                0x10009d10                memcpy
 .text.memset   0x10009e44       0xa0 c:/maximsdk/tools/gnutools/bin/../lib/gcc/arm-none-eabi/9.2.1/../../../../arm-none-eabi/lib/thumb/v7e-m+fp/softfp\libc.a(lib_a-memset.o)
                0x10009e44                memset
 .text.__malloc_lock
                0x10009ee4        0xc c:/maximsdk/tools/gnutools/bin/../lib/gcc/arm-none-eabi/9.2.1/../../../../arm-none-eabi/lib/thumb/v7e-m+fp/softfp\libc.a(lib_a-mlock.o)
                0x10009ee4                __malloc_lock
 .text.__malloc_unlock
                0x10009ef0        0xc c:/maximsdk/tools/gnutools/bin/../lib/gcc/arm-none-eabi/9.2.1/../../../../arm-none-eabi/lib/thumb/v7e-m+fp/softfp\libc.a(lib_a-mlock.o)
                0x10009ef0                __malloc_unlock
 .text.printf   0x10009efc       0x28 c:/maximsdk/tools/gnutools/bin/../lib/gcc/arm-none-eabi/9.2.1/../../../../arm-none-eabi/lib/thumb/v7e-m+fp/softfp\libc.a(lib_a-printf.o)
                0x10009efc                printf
 .text._puts_r  0x10009f24       0x9c c:/maximsdk/tools/gnutools/bin/../lib/gcc/arm-none-eabi/9.2.1/../../../../arm-none-eabi/lib/thumb/v7e-m+fp/softfp\libc.a(lib_a-puts.o)
                0x10009f24                _puts_r
 .text.puts     0x10009fc0       0x10 c:/maximsdk/tools/gnutools/bin/../lib/gcc/arm-none-eabi/9.2.1/../../../../arm-none-eabi/lib/thumb/v7e-m+fp/softfp\libc.a(lib_a-puts.o)
                0x10009fc0                puts
 .text._sbrk_r  0x10009fd0       0x24 c:/maximsdk/tools/gnutools/bin/../lib/gcc/arm-none-eabi/9.2.1/../../../../arm-none-eabi/lib/thumb/v7e-m+fp/softfp\libc.a(lib_a-sbrkr.o)
                0x10009fd0                _sbrk_r
 .text.snprintf
                0x10009ff4       0x88 c:/maximsdk/tools/gnutools/bin/../lib/gcc/arm-none-eabi/9.2.1/../../../../arm-none-eabi/lib/thumb/v7e-m+fp/softfp\libc.a(lib_a-snprintf.o)
                0x10009ff4                snprintf
 .text.sprintf  0x1000a07c       0x44 c:/maximsdk/tools/gnutools/bin/../lib/gcc/arm-none-eabi/9.2.1/../../../../arm-none-eabi/lib/thumb/v7e-m+fp/softfp\libc.a(lib_a-sprintf.o)
                0x1000a07c                sprintf
 .text          0x1000a0c0       0xdc c:/maximsdk/tools/gnutools/bin/../lib/gcc/arm-none-eabi/9.2.1/../../../../arm-none-eabi/lib/thumb/v7e-m+fp/softfp\libc.a(lib_a-strlen.o)
                0x1000a0c0                strlen
 *fill*         0x1000a19c        0x4 
 .text._svfprintf_r
                0x1000a1a0     0x1b34 c:/maximsdk/tools/gnutools/bin/../lib/gcc/arm-none-eabi/9.2.1/../../../../arm-none-eabi/lib/thumb/v7e-m+fp/softfp\libc.a(lib_a-svfprintf.o)
                0x1000a1a0                _svfprintf_r
 *fill*         0x1000bcd4        0x4 
 .text._vfprintf_r
                0x1000bcd8     0x1bdc c:/maximsdk/tools/gnutools/bin/../lib/gcc/arm-none-eabi/9.2.1/../../../../arm-none-eabi/lib/thumb/v7e-m+fp/softfp\libc.a(lib_a-vfprintf.o)
                0x1000bcd8                _vfprintf_r
 .text.__sbprintf
                0x1000d8b4       0x84 c:/maximsdk/tools/gnutools/bin/../lib/gcc/arm-none-eabi/9.2.1/../../../../arm-none-eabi/lib/thumb/v7e-m+fp/softfp\libc.a(lib_a-vfprintf.o)
 .text.__swsetup_r
                0x1000d938       0xd0 c:/maximsdk/tools/gnutools/bin/../lib/gcc/arm-none-eabi/9.2.1/../../../../arm-none-eabi/lib/thumb/v7e-m+fp/softfp\libc.a(lib_a-wsetup.o)
                0x1000d938                __swsetup_r
 .text.startup.register_fini
                0x1000da08       0x14 c:/maximsdk/tools/gnutools/bin/../lib/gcc/arm-none-eabi/9.2.1/../../../../arm-none-eabi/lib/thumb/v7e-m+fp/softfp\libc.a(lib_a-__call_atexit.o)
 .text.atexit   0x1000da1c        0xc c:/maximsdk/tools/gnutools/bin/../lib/gcc/arm-none-eabi/9.2.1/../../../../arm-none-eabi/lib/thumb/v7e-m+fp/softfp\libc.a(lib_a-atexit.o)
                0x1000da1c                atexit
 .text.quorem   0x1000da28      0x11c c:/maximsdk/tools/gnutools/bin/../lib/gcc/arm-none-eabi/9.2.1/../../../../arm-none-eabi/lib/thumb/v7e-m+fp/softfp\libc.a(lib_a-dtoa.o)
 *fill*         0x1000db44        0x4 
 .text._dtoa_r  0x1000db48      0xeec c:/maximsdk/tools/gnutools/bin/../lib/gcc/arm-none-eabi/9.2.1/../../../../arm-none-eabi/lib/thumb/v7e-m+fp/softfp\libc.a(lib_a-dtoa.o)
                0x1000db48                _dtoa_r
 .text.__sflush_r
                0x1000ea34      0x130 c:/maximsdk/tools/gnutools/bin/../lib/gcc/arm-none-eabi/9.2.1/../../../../arm-none-eabi/lib/thumb/v7e-m+fp/softfp\libc.a(lib_a-fflush.o)
                0x1000ea34                __sflush_r
 .text._fflush_r
                0x1000eb64       0x5c c:/maximsdk/tools/gnutools/bin/../lib/gcc/arm-none-eabi/9.2.1/../../../../arm-none-eabi/lib/thumb/v7e-m+fp/softfp\libc.a(lib_a-fflush.o)
                0x1000eb64                _fflush_r
 .text.std      0x1000ebc0       0x50 c:/maximsdk/tools/gnutools/bin/../lib/gcc/arm-none-eabi/9.2.1/../../../../arm-none-eabi/lib/thumb/v7e-m+fp/softfp\libc.a(lib_a-findfp.o)
 .text._cleanup_r
                0x1000ec10        0xc c:/maximsdk/tools/gnutools/bin/../lib/gcc/arm-none-eabi/9.2.1/../../../../arm-none-eabi/lib/thumb/v7e-m+fp/softfp\libc.a(lib_a-findfp.o)
                0x1000ec10                _cleanup_r
 .text.__sinit  0x1000ec1c       0x54 c:/maximsdk/tools/gnutools/bin/../lib/gcc/arm-none-eabi/9.2.1/../../../../arm-none-eabi/lib/thumb/v7e-m+fp/softfp\libc.a(lib_a-findfp.o)
                0x1000ec1c                __sinit
 .text.__sfp_lock_acquire
                0x1000ec70        0xc c:/maximsdk/tools/gnutools/bin/../lib/gcc/arm-none-eabi/9.2.1/../../../../arm-none-eabi/lib/thumb/v7e-m+fp/softfp\libc.a(lib_a-findfp.o)
                0x1000ec70                __sfp_lock_acquire
 .text.__sfp_lock_release
                0x1000ec7c        0xc c:/maximsdk/tools/gnutools/bin/../lib/gcc/arm-none-eabi/9.2.1/../../../../arm-none-eabi/lib/thumb/v7e-m+fp/softfp\libc.a(lib_a-findfp.o)
                0x1000ec7c                __sfp_lock_release
 .text.__libc_fini_array
                0x1000ec88       0x2c c:/maximsdk/tools/gnutools/bin/../lib/gcc/arm-none-eabi/9.2.1/../../../../arm-none-eabi/lib/thumb/v7e-m+fp/softfp\libc.a(lib_a-fini.o)
                0x1000ec88                __libc_fini_array
 .text._malloc_trim_r
                0x1000ecb4       0xa0 c:/maximsdk/tools/gnutools/bin/../lib/gcc/arm-none-eabi/9.2.1/../../../../arm-none-eabi/lib/thumb/v7e-m+fp/softfp\libc.a(lib_a-freer.o)
                0x1000ecb4                _malloc_trim_r
 .text._free_r  0x1000ed54      0x208 c:/maximsdk/tools/gnutools/bin/../lib/gcc/arm-none-eabi/9.2.1/../../../../arm-none-eabi/lib/thumb/v7e-m+fp/softfp\libc.a(lib_a-freer.o)
                0x1000ed54                _free_r
 .text.__sfvwrite_r
                0x1000ef5c      0x2e0 c:/maximsdk/tools/gnutools/bin/../lib/gcc/arm-none-eabi/9.2.1/../../../../arm-none-eabi/lib/thumb/v7e-m+fp/softfp\libc.a(lib_a-fvwrite.o)
                0x1000ef5c                __sfvwrite_r
 .text._fwalk_reent
                0x1000f23c       0x48 c:/maximsdk/tools/gnutools/bin/../lib/gcc/arm-none-eabi/9.2.1/../../../../arm-none-eabi/lib/thumb/v7e-m+fp/softfp\libc.a(lib_a-fwalk.o)
                0x1000f23c                _fwalk_reent
 .text._localeconv_r
                0x1000f284        0x8 c:/maximsdk/tools/gnutools/bin/../lib/gcc/arm-none-eabi/9.2.1/../../../../arm-none-eabi/lib/thumb/v7e-m+fp/softfp\libc.a(lib_a-localeconv.o)
                0x1000f284                _localeconv_r
 .text.__retarget_lock_init_recursive
                0x1000f28c        0x4 c:/maximsdk/tools/gnutools/bin/../lib/gcc/arm-none-eabi/9.2.1/../../../../arm-none-eabi/lib/thumb/v7e-m+fp/softfp\libc.a(lib_a-lock.o)
                0x1000f28c                __retarget_lock_init_recursive
 .text.__retarget_lock_close_recursive
                0x1000f290        0x4 c:/maximsdk/tools/gnutools/bin/../lib/gcc/arm-none-eabi/9.2.1/../../../../arm-none-eabi/lib/thumb/v7e-m+fp/softfp\libc.a(lib_a-lock.o)
                0x1000f290                __retarget_lock_close_recursive
 .text.__retarget_lock_acquire_recursive
                0x1000f294        0x4 c:/maximsdk/tools/gnutools/bin/../lib/gcc/arm-none-eabi/9.2.1/../../../../arm-none-eabi/lib/thumb/v7e-m+fp/softfp\libc.a(lib_a-lock.o)
                0x1000f294                __retarget_lock_acquire_recursive
 .text.__retarget_lock_release_recursive
                0x1000f298        0x4 c:/maximsdk/tools/gnutools/bin/../lib/gcc/arm-none-eabi/9.2.1/../../../../arm-none-eabi/lib/thumb/v7e-m+fp/softfp\libc.a(lib_a-lock.o)
                0x1000f298                __retarget_lock_release_recursive
 .text.__swhatbuf_r
                0x1000f29c       0x5c c:/maximsdk/tools/gnutools/bin/../lib/gcc/arm-none-eabi/9.2.1/../../../../arm-none-eabi/lib/thumb/v7e-m+fp/softfp\libc.a(lib_a-makebuf.o)
                0x1000f29c                __swhatbuf_r
 .text.__smakebuf_r
                0x1000f2f8       0x98 c:/maximsdk/tools/gnutools/bin/../lib/gcc/arm-none-eabi/9.2.1/../../../../arm-none-eabi/lib/thumb/v7e-m+fp/softfp\libc.a(lib_a-makebuf.o)
                0x1000f2f8                __smakebuf_r
 .text          0x1000f390       0xa0 c:/maximsdk/tools/gnutools/bin/../lib/gcc/arm-none-eabi/9.2.1/../../../../arm-none-eabi/lib/thumb/v7e-m+fp/softfp\libc.a(lib_a-memchr.o)
                0x1000f390                memchr
 .text.memmove  0x1000f430       0xd8 c:/maximsdk/tools/gnutools/bin/../lib/gcc/arm-none-eabi/9.2.1/../../../../arm-none-eabi/lib/thumb/v7e-m+fp/softfp\libc.a(lib_a-memmove.o)
                0x1000f430                memmove
 .text._Balloc  0x1000f508       0x4c c:/maximsdk/tools/gnutools/bin/../lib/gcc/arm-none-eabi/9.2.1/../../../../arm-none-eabi/lib/thumb/v7e-m+fp/softfp\libc.a(lib_a-mprec.o)
                0x1000f508                _Balloc
 .text._Bfree   0x1000f554       0x14 c:/maximsdk/tools/gnutools/bin/../lib/gcc/arm-none-eabi/9.2.1/../../../../arm-none-eabi/lib/thumb/v7e-m+fp/softfp\libc.a(lib_a-mprec.o)
                0x1000f554                _Bfree
 .text.__multadd
                0x1000f568       0x8c c:/maximsdk/tools/gnutools/bin/../lib/gcc/arm-none-eabi/9.2.1/../../../../arm-none-eabi/lib/thumb/v7e-m+fp/softfp\libc.a(lib_a-mprec.o)
                0x1000f568                __multadd
 .text.__hi0bits
                0x1000f5f4       0x40 c:/maximsdk/tools/gnutools/bin/../lib/gcc/arm-none-eabi/9.2.1/../../../../arm-none-eabi/lib/thumb/v7e-m+fp/softfp\libc.a(lib_a-mprec.o)
                0x1000f5f4                __hi0bits
 .text.__lo0bits
                0x1000f634       0x60 c:/maximsdk/tools/gnutools/bin/../lib/gcc/arm-none-eabi/9.2.1/../../../../arm-none-eabi/lib/thumb/v7e-m+fp/softfp\libc.a(lib_a-mprec.o)
                0x1000f634                __lo0bits
 .text.__i2b    0x1000f694       0x14 c:/maximsdk/tools/gnutools/bin/../lib/gcc/arm-none-eabi/9.2.1/../../../../arm-none-eabi/lib/thumb/v7e-m+fp/softfp\libc.a(lib_a-mprec.o)
                0x1000f694                __i2b
 .text.__multiply
                0x1000f6a8      0x144 c:/maximsdk/tools/gnutools/bin/../lib/gcc/arm-none-eabi/9.2.1/../../../../arm-none-eabi/lib/thumb/v7e-m+fp/softfp\libc.a(lib_a-mprec.o)
                0x1000f6a8                __multiply
 .text.__pow5mult
                0x1000f7ec       0xa0 c:/maximsdk/tools/gnutools/bin/../lib/gcc/arm-none-eabi/9.2.1/../../../../arm-none-eabi/lib/thumb/v7e-m+fp/softfp\libc.a(lib_a-mprec.o)
                0x1000f7ec                __pow5mult
 .text.__lshift
                0x1000f88c       0xd4 c:/maximsdk/tools/gnutools/bin/../lib/gcc/arm-none-eabi/9.2.1/../../../../arm-none-eabi/lib/thumb/v7e-m+fp/softfp\libc.a(lib_a-mprec.o)
                0x1000f88c                __lshift
 .text.__mcmp   0x1000f960       0x3c c:/maximsdk/tools/gnutools/bin/../lib/gcc/arm-none-eabi/9.2.1/../../../../arm-none-eabi/lib/thumb/v7e-m+fp/softfp\libc.a(lib_a-mprec.o)
                0x1000f960                __mcmp
 .text.__mdiff  0x1000f99c      0x138 c:/maximsdk/tools/gnutools/bin/../lib/gcc/arm-none-eabi/9.2.1/../../../../arm-none-eabi/lib/thumb/v7e-m+fp/softfp\libc.a(lib_a-mprec.o)
                0x1000f99c                __mdiff
 .text.__d2b    0x1000fad4       0xbc c:/maximsdk/tools/gnutools/bin/../lib/gcc/arm-none-eabi/9.2.1/../../../../arm-none-eabi/lib/thumb/v7e-m+fp/softfp\libc.a(lib_a-mprec.o)
                0x1000fad4                __d2b
 .text._realloc_r
                0x1000fb90      0x3e0 c:/maximsdk/tools/gnutools/bin/../lib/gcc/arm-none-eabi/9.2.1/../../../../arm-none-eabi/lib/thumb/v7e-m+fp/softfp\libc.a(lib_a-reallocr.o)
                0x1000fb90                _realloc_r
 .text.frexp    0x1000ff70       0x70 c:/maximsdk/tools/gnutools/bin/../lib/gcc/arm-none-eabi/9.2.1/../../../../arm-none-eabi/lib/thumb/v7e-m+fp/softfp\libc.a(lib_a-s_frexp.o)
                0x1000ff70                frexp
 .text.__sread  0x1000ffe0       0x24 c:/maximsdk/tools/gnutools/bin/../lib/gcc/arm-none-eabi/9.2.1/../../../../arm-none-eabi/lib/thumb/v7e-m+fp/softfp\libc.a(lib_a-stdio.o)
                0x1000ffe0                __sread
 .text.__swrite
                0x10010004       0x40 c:/maximsdk/tools/gnutools/bin/../lib/gcc/arm-none-eabi/9.2.1/../../../../arm-none-eabi/lib/thumb/v7e-m+fp/softfp\libc.a(lib_a-stdio.o)
                0x10010004                __swrite
 .text.__sseek  0x10010044       0x20 c:/maximsdk/tools/gnutools/bin/../lib/gcc/arm-none-eabi/9.2.1/../../../../arm-none-eabi/lib/thumb/v7e-m+fp/softfp\libc.a(lib_a-stdio.o)
                0x10010044                __sseek
 .text.__sclose
                0x10010064        0x8 c:/maximsdk/tools/gnutools/bin/../lib/gcc/arm-none-eabi/9.2.1/../../../../arm-none-eabi/lib/thumb/v7e-m+fp/softfp\libc.a(lib_a-stdio.o)
                0x10010064                __sclose
 .text.strncpy  0x1001006c       0x68 c:/maximsdk/tools/gnutools/bin/../lib/gcc/arm-none-eabi/9.2.1/../../../../arm-none-eabi/lib/thumb/v7e-m+fp/softfp\libc.a(lib_a-strncpy.o)
                0x1001006c                strncpy
 .text.__ssprint_r
                0x100100d4       0xf8 c:/maximsdk/tools/gnutools/bin/../lib/gcc/arm-none-eabi/9.2.1/../../../../arm-none-eabi/lib/thumb/v7e-m+fp/softfp\libc.a(lib_a-svfiprintf.o)
                0x100100d4                __ssprint_r
 .text.__sprint_r.part.0
                0x100101cc       0x78 c:/maximsdk/tools/gnutools/bin/../lib/gcc/arm-none-eabi/9.2.1/../../../../arm-none-eabi/lib/thumb/v7e-m+fp/softfp\libc.a(lib_a-vfiprintf.o)
 .text.__sprint_r
                0x10010244       0x18 c:/maximsdk/tools/gnutools/bin/../lib/gcc/arm-none-eabi/9.2.1/../../../../arm-none-eabi/lib/thumb/v7e-m+fp/softfp\libc.a(lib_a-vfiprintf.o)
                0x10010244                __sprint_r
 .text.__swbuf_r
                0x1001025c       0xb0 c:/maximsdk/tools/gnutools/bin/../lib/gcc/arm-none-eabi/9.2.1/../../../../arm-none-eabi/lib/thumb/v7e-m+fp/softfp\libc.a(lib_a-wbuf.o)
                0x1001025c                __swbuf_r
 .text._write_r
                0x1001030c       0x2c c:/maximsdk/tools/gnutools/bin/../lib/gcc/arm-none-eabi/9.2.1/../../../../arm-none-eabi/lib/thumb/v7e-m+fp/softfp\libc.a(lib_a-writer.o)
                0x1001030c                _write_r
 .text.__register_exitproc
                0x10010338       0x8c c:/maximsdk/tools/gnutools/bin/../lib/gcc/arm-none-eabi/9.2.1/../../../../arm-none-eabi/lib/thumb/v7e-m+fp/softfp\libc.a(lib_a-__atexit.o)
                0x10010338                __register_exitproc
 .text._calloc_r
                0x100103c4       0x60 c:/maximsdk/tools/gnutools/bin/../lib/gcc/arm-none-eabi/9.2.1/../../../../arm-none-eabi/lib/thumb/v7e-m+fp/softfp\libc.a(lib_a-callocr.o)
                0x100103c4                _calloc_r
 .text._close_r
                0x10010424       0x24 c:/maximsdk/tools/gnutools/bin/../lib/gcc/arm-none-eabi/9.2.1/../../../../arm-none-eabi/lib/thumb/v7e-m+fp/softfp\libc.a(lib_a-closer.o)
                0x10010424                _close_r
 .text._fclose_r
                0x10010448       0xcc c:/maximsdk/tools/gnutools/bin/../lib/gcc/arm-none-eabi/9.2.1/../../../../arm-none-eabi/lib/thumb/v7e-m+fp/softfp\libc.a(lib_a-fclose.o)
                0x10010448                _fclose_r
 .text.__fputwc
                0x10010514       0xa8 c:/maximsdk/tools/gnutools/bin/../lib/gcc/arm-none-eabi/9.2.1/../../../../arm-none-eabi/lib/thumb/v7e-m+fp/softfp\libc.a(lib_a-fputwc.o)
                0x10010514                __fputwc
 .text._fputwc_r
                0x100105bc       0x68 c:/maximsdk/tools/gnutools/bin/../lib/gcc/arm-none-eabi/9.2.1/../../../../arm-none-eabi/lib/thumb/v7e-m+fp/softfp\libc.a(lib_a-fputwc.o)
                0x100105bc                _fputwc_r
 .text._fstat_r
                0x10010624       0x2c c:/maximsdk/tools/gnutools/bin/../lib/gcc/arm-none-eabi/9.2.1/../../../../arm-none-eabi/lib/thumb/v7e-m+fp/softfp\libc.a(lib_a-fstatr.o)
                0x10010624                _fstat_r
 .text._isatty_r
                0x10010650       0x24 c:/maximsdk/tools/gnutools/bin/../lib/gcc/arm-none-eabi/9.2.1/../../../../arm-none-eabi/lib/thumb/v7e-m+fp/softfp\libc.a(lib_a-isattyr.o)
                0x10010650                _isatty_r
 .text.__locale_mb_cur_max
                0x10010674        0xc c:/maximsdk/tools/gnutools/bin/../lib/gcc/arm-none-eabi/9.2.1/../../../../arm-none-eabi/lib/thumb/v7e-m+fp/softfp\libc.a(lib_a-locale.o)
                0x10010674                __locale_mb_cur_max
 .text._lseek_r
                0x10010680       0x2c c:/maximsdk/tools/gnutools/bin/../lib/gcc/arm-none-eabi/9.2.1/../../../../arm-none-eabi/lib/thumb/v7e-m+fp/softfp\libc.a(lib_a-lseekr.o)
                0x10010680                _lseek_r
 .text.__ascii_mbtowc
                0x100106ac       0x2c c:/maximsdk/tools/gnutools/bin/../lib/gcc/arm-none-eabi/9.2.1/../../../../arm-none-eabi/lib/thumb/v7e-m+fp/softfp\libc.a(lib_a-mbtowc_r.o)
                0x100106ac                __ascii_mbtowc
 .text._read_r  0x100106d8       0x2c c:/maximsdk/tools/gnutools/bin/../lib/gcc/arm-none-eabi/9.2.1/../../../../arm-none-eabi/lib/thumb/v7e-m+fp/softfp\libc.a(lib_a-readr.o)
                0x100106d8                _read_r
 .text._wcrtomb_r
                0x10010704       0x3c c:/maximsdk/tools/gnutools/bin/../lib/gcc/arm-none-eabi/9.2.1/../../../../arm-none-eabi/lib/thumb/v7e-m+fp/softfp\libc.a(lib_a-wcrtomb.o)
                0x10010704                _wcrtomb_r
 .text.__ascii_wctomb
                0x10010740       0x1c c:/maximsdk/tools/gnutools/bin/../lib/gcc/arm-none-eabi/9.2.1/../../../../arm-none-eabi/lib/thumb/v7e-m+fp/softfp\libc.a(lib_a-wctomb_r.o)
                0x10010740                __ascii_wctomb
 .text          0x1001075c      0x378 c:/maximsdk/tools/gnutools/bin/../lib/gcc/arm-none-eabi/9.2.1/thumb/v7e-m+fp/softfp\libgcc.a(_arm_addsubdf3.o)
                0x1001075c                __aeabi_drsub
                0x10010764                __aeabi_dsub
                0x10010764                __subdf3
                0x10010768                __aeabi_dadd
                0x10010768                __adddf3
                0x100109e0                __floatunsidf
                0x100109e0                __aeabi_ui2d
                0x10010a00                __floatsidf
                0x10010a00                __aeabi_i2d
                0x10010a24                __aeabi_f2d
                0x10010a24                __extendsfdf2
                0x10010a68                __floatundidf
                0x10010a68                __aeabi_ul2d
                0x10010a78                __floatdidf
                0x10010a78                __aeabi_l2d
 .text          0x10010ad4      0x424 c:/maximsdk/tools/gnutools/bin/../lib/gcc/arm-none-eabi/9.2.1/thumb/v7e-m+fp/softfp\libgcc.a(_arm_muldivdf3.o)
                0x10010ad4                __aeabi_dmul
                0x10010ad4                __muldf3
                0x10010d28                __divdf3
                0x10010d28                __aeabi_ddiv
 .text          0x10010ef8      0x110 c:/maximsdk/tools/gnutools/bin/../lib/gcc/arm-none-eabi/9.2.1/thumb/v7e-m+fp/softfp\libgcc.a(_arm_cmpdf2.o)
                0x10010ef8                __gtdf2
                0x10010ef8                __gedf2
                0x10010f00                __ltdf2
                0x10010f00                __ledf2
                0x10010f08                __nedf2
                0x10010f08                __eqdf2
                0x10010f08                __cmpdf2
                0x10010f84                __aeabi_cdrcmple
                0x10010f94                __aeabi_cdcmpeq
                0x10010f94                __aeabi_cdcmple
                0x10010fa4                __aeabi_dcmpeq
                0x10010fb8                __aeabi_dcmplt
                0x10010fcc                __aeabi_dcmple
                0x10010fe0                __aeabi_dcmpge
                0x10010ff4                __aeabi_dcmpgt
 .text          0x10011008       0x2c c:/maximsdk/tools/gnutools/bin/../lib/gcc/arm-none-eabi/9.2.1/thumb/v7e-m+fp/softfp\libgcc.a(_arm_unorddf2.o)
                0x10011008                __unorddf2
                0x10011008                __aeabi_dcmpun
 .text          0x10011034       0x50 c:/maximsdk/tools/gnutools/bin/../lib/gcc/arm-none-eabi/9.2.1/thumb/v7e-m+fp/softfp\libgcc.a(_arm_fixdfsi.o)
                0x10011034                __aeabi_d2iz
                0x10011034                __fixdfsi
 .text          0x10011084       0x30 c:/maximsdk/tools/gnutools/bin/../lib/gcc/arm-none-eabi/9.2.1/thumb/v7e-m+fp/softfp\libgcc.a(_aeabi_uldivmod.o)
                0x10011084                __aeabi_uldivmod
 .text          0x100110b4      0x2c4 c:/maximsdk/tools/gnutools/bin/../lib/gcc/arm-none-eabi/9.2.1/thumb/v7e-m+fp/softfp\libgcc.a(_udivmoddi4.o)
                0x100110b4                __udivmoddi4
 .text          0x10011378        0x4 c:/maximsdk/tools/gnutools/bin/../lib/gcc/arm-none-eabi/9.2.1/thumb/v7e-m+fp/softfp\libgcc.a(_dvmd_tls.o)
                0x10011378                __aeabi_idiv0
                0x10011378                __aeabi_ldiv0
 *(.rodata*)
 .rodata.main.str1.4
                0x1001137c      0x131 c:/MaximSDK/Examples/MAX78000/CNN/yolo_evkit_revise_2/build/main.o
 *fill*         0x100114ad        0x3 
 .rodata        0x100114b0       0x18 c:/MaximSDK/Examples/MAX78000/CNN/yolo_evkit_revise_2/build/main.o
 .rodata.camera_settings
                0x100114c8       0xf0 c:/MaximSDK/Examples/MAX78000/CNN/yolo_evkit_revise_2/build/main.o
 .rodata.str1.4
                0x100115b8       0x23 c:/MaximSDK/Examples/MAX78000/CNN/yolo_evkit_revise_2/build/state_home.o
 *fill*         0x100115db        0x1 
 .rodata        0x100115dc       0x20 c:/MaximSDK/Examples/MAX78000/CNN/yolo_evkit_revise_2/build/state_home.o
 .rodata.str1.4
                0x100115fc       0x36 c:/MaximSDK/Examples/MAX78000/CNN/yolo_evkit_revise_2/build/state_faceID.o
                                 0x42 (size before relaxing)
 *fill*         0x10011632        0x2 
 .rodata.run_cnn.constprop.0.str1.4
                0x10011634       0x7e c:/MaximSDK/Examples/MAX78000/CNN/yolo_evkit_revise_2/build/state_faceID.o
 *fill*         0x100116b2        0x2 
 .rodata.init.str1.4
                0x100116b4        0x3 c:/MaximSDK/Examples/MAX78000/CNN/yolo_evkit_revise_2/build/state_faceID.o
 *fill*         0x100116b7        0x1 
 .rodata        0x100116b8       0x14 c:/MaximSDK/Examples/MAX78000/CNN/yolo_evkit_revise_2/build/state_faceID.o
 .rodata.kernels_0
                0x100116cc     0x1430 c:/MaximSDK/Examples/MAX78000/CNN/yolo_evkit_revise_2/build/cnn.o
 .rodata.kernels_1
                0x10012afc     0x1430 c:/MaximSDK/Examples/MAX78000/CNN/yolo_evkit_revise_2/build/cnn.o
 .rodata.kernels_10
                0x10013f2c     0x1430 c:/MaximSDK/Examples/MAX78000/CNN/yolo_evkit_revise_2/build/cnn.o
 .rodata.kernels_11
                0x1001535c     0x1430 c:/MaximSDK/Examples/MAX78000/CNN/yolo_evkit_revise_2/build/cnn.o
 .rodata.kernels_12
                0x1001678c     0x1430 c:/MaximSDK/Examples/MAX78000/CNN/yolo_evkit_revise_2/build/cnn.o
 .rodata.kernels_13
                0x10017bbc     0x1430 c:/MaximSDK/Examples/MAX78000/CNN/yolo_evkit_revise_2/build/cnn.o
 .rodata.kernels_14
                0x10018fec     0x1430 c:/MaximSDK/Examples/MAX78000/CNN/yolo_evkit_revise_2/build/cnn.o
 .rodata.kernels_15
                0x1001a41c     0x1430 c:/MaximSDK/Examples/MAX78000/CNN/yolo_evkit_revise_2/build/cnn.o
 .rodata.kernels_16
                0x1001b84c     0x13e8 c:/MaximSDK/Examples/MAX78000/CNN/yolo_evkit_revise_2/build/cnn.o
 .rodata.kernels_17
                0x1001cc34     0x13e8 c:/MaximSDK/Examples/MAX78000/CNN/yolo_evkit_revise_2/build/cnn.o
 .rodata.kernels_18
                0x1001e01c     0x13e8 c:/MaximSDK/Examples/MAX78000/CNN/yolo_evkit_revise_2/build/cnn.o
 .rodata.kernels_19
                0x1001f404     0x13e8 c:/MaximSDK/Examples/MAX78000/CNN/yolo_evkit_revise_2/build/cnn.o
 .rodata.kernels_2
                0x100207ec     0x1430 c:/MaximSDK/Examples/MAX78000/CNN/yolo_evkit_revise_2/build/cnn.o
 .rodata.kernels_20
                0x10021c1c     0x11a8 c:/MaximSDK/Examples/MAX78000/CNN/yolo_evkit_revise_2/build/cnn.o
 .rodata.kernels_21
                0x10022dc4     0x11a8 c:/MaximSDK/Examples/MAX78000/CNN/yolo_evkit_revise_2/build/cnn.o
 .rodata.kernels_22